<?xml version="1.0" encoding="UTF-8"?>
<TestRun id="16d98620-293e-4cf6-a10d-0111c6ae0fcb" name="Weston@THIGH-MASTER 2012-10-19 01:10:50" runUser="Thigh-Master\Weston" xmlns="http://microsoft.com/schemas/VisualStudio/TeamTest/2010">
  <TestSettings name="Local" id="5c5780c2-f12c-40a7-a531-d333c42774f3">
    <Description>These are default test settings for a local test run.</Description>
    <Deployment userDeploymentRoot="C:\Users\Weston\Documents\Visual Studio 2010\Projects\PS6\TestResults" useDefaultDeploymentRoot="false" runDeploymentRoot="Weston_THIGH-MASTER 2012-10-19 01_10_50" />
    <Execution>
      <TestTypeSpecific>
        <UnitTestRunConfig testTypeId="13cdc9d9-ddb5-4fa4-a97d-d965ccfc6d4b">
          <AssemblyResolution>
            <TestDirectory useLoadContext="true" />
          </AssemblyResolution>
        </UnitTestRunConfig>
        <WebTestRunConfiguration testTypeId="4e7599fa-5ecb-43e9-a887-cd63cf72d207">
          <Browser name="Internet Explorer 7.0">
            <Headers>
              <Header name="User-Agent" value="Mozilla/4.0 (compatible; MSIE 7.0; Windows NT 5.1)" />
              <Header name="Accept" value="*/*" />
              <Header name="Accept-Language" value="{{$IEAcceptLanguage}}" />
              <Header name="Accept-Encoding" value="GZIP" />
            </Headers>
          </Browser>
        </WebTestRunConfiguration>
      </TestTypeSpecific>
      <AgentRule name="LocalMachineDefaultRole">
      </AgentRule>
    </Execution>
  </TestSettings>
  <Times creation="2012-10-19T01:10:50.3975264-06:00" queuing="2012-10-19T01:10:50.4655303-06:00" start="2012-10-19T01:10:50.4745308-06:00" finish="2012-10-19T01:12:01.8096110-06:00" />
  <ResultSummary outcome="Failed">
    <Counters total="1" executed="1" error="0" failed="1" timeout="0" aborted="0" inconclusive="0" passedButRunAborted="0" notRunnable="0" notExecuted="0" disconnected="0" warning="0" passed="0" completed="0" inProgress="0" pending="0" />
  </ResultSummary>
  <TestDefinitions>
    <UnitTest name="CodedUITestMethod1" storage="c:\users\weston\documents\visual studio 2010\projects\ps6\codeduitest\bin\debug\codeduitest.dll" id="152faad7-080b-7cab-1f47-a8577e18926c">
      <Execution id="c4e456e2-5fc4-4f56-bffc-3f3a9cbd0670" />
      <TestMethod codeBase="C:/Users/Weston/Documents/Visual Studio 2010/Projects/PS6/CodedUITest/bin/Debug/CodedUITest.DLL" adapterTypeName="Microsoft.VisualStudio.TestTools.TestTypes.Unit.UnitTestAdapter, Microsoft.VisualStudio.QualityTools.Tips.UnitTest.Adapter, Version=10.0.0.0, Culture=neutral, PublicKeyToken=b03f5f7f11d50a3a" className="CodedUITest.CodedUITest, CodedUITest, Version=1.0.0.0, Culture=neutral, PublicKeyToken=null" name="CodedUITestMethod1" />
      <Extension>Microsoft.VisualStudio.TestTools.UITesting.CodedUITestAttribute, Microsoft.VisualStudio.QualityTools.CodedUITestFramework, Version=10.0.0.0, Culture=neutral, PublicKeyToken=b03f5f7f11d50a3a</Extension>
    </UnitTest>
  </TestDefinitions>
  <TestLists>
    <TestList name="Results Not in a List" id="8c84fa94-04c1-424b-9868-57a2d4851a1d" />
    <TestList name="All Loaded Results" id="19431567-8539-422a-85d7-44ee4e166bda" />
  </TestLists>
  <TestEntries>
    <TestEntry testId="152faad7-080b-7cab-1f47-a8577e18926c" executionId="c4e456e2-5fc4-4f56-bffc-3f3a9cbd0670" testListId="8c84fa94-04c1-424b-9868-57a2d4851a1d" />
  </TestEntries>
  <Results>
    <UnitTestResult executionId="c4e456e2-5fc4-4f56-bffc-3f3a9cbd0670" testId="152faad7-080b-7cab-1f47-a8577e18926c" testName="CodedUITestMethod1" computerName="THIGH-MASTER" duration="00:01:10.9751298" startTime="2012-10-19T01:10:50.4755309-06:00" endTime="2012-10-19T01:12:01.7176057-06:00" testType="13cdc9d9-ddb5-4fa4-a97d-d965ccfc6d4b" outcome="Failed" testListId="8c84fa94-04c1-424b-9868-57a2d4851a1d" relativeResultsDirectory="c4e456e2-5fc4-4f56-bffc-3f3a9cbd0670">
      <Output>
        <DebugTrace>E, 6988, 102, 2012/10/19, 01:10:51.697, 224250503263, QTAgent32.exe, LoadLibrary() : Unable to find the resource 37382 from assembly C:\Windows\system32\en-US\ieframe.dll.mui: Error1814
E, 6988, 102, 2012/10/19, 01:10:51.698, 224250505955, QTAgent32.exe, LoadLibrary() : Unable to find the resource 41728 from assembly C:\Windows\system32\en-US\ieframe.dll.mui: Error1814
E, 6988, 102, 2012/10/19, 01:10:51.698, 224250506243, QTAgent32.exe, LoadLibrary() : Unable to find the resource 8131 from assembly C:\Windows\system32\en-US\ieframe.dll.mui: Error1814
E, 6988, 102, 2012/10/19, 01:10:51.698, 224250506503, QTAgent32.exe, LoadLibrary() : Unable to find the resource 8131 from assembly C:\Windows\system32\en-US\ieframe.dll.mui: Error1814
E, 6988, 102, 2012/10/19, 01:10:51.698, 224250506984, QTAgent32.exe, LoadLibrary() : Unable to find the resource 8131 from assembly C:\Windows\system32\en-US\ieframe.dll.mui: Error1814
E, 6988, 102, 2012/10/19, 01:10:51.699, 224250507611, QTAgent32.exe, LoadLibrary() : Unable to find the resource 803 from assembly C:\Windows\system32\en-US\user32.dll.mui: Error1814
W, 6988, 102, 2012/10/19, 01:10:51.989, 224251215471, QTAgent32.exe, &lt;a class=success&gt;Playback - {1} [SUCCESS] SetValueAsEditBox "2" - "[MSAA, VisibleOnly]ControlType='Edit'"  &lt; Set via SendKeys &gt;
\0&lt;/a&gt;
W, 6988, 102, 2012/10/19, 01:10:52.228, 224251796358, QTAgent32.exe, &lt;a class=success&gt;Playback - {2} [SUCCESS] SendKeys "{Enter}" - "[MSAA, VisibleOnly]ControlType='Edit'"
\0&lt;/a&gt;
W, 6988, 102, 2012/10/19, 01:10:52.578, 224252647434, QTAgent32.exe, &lt;a class=success&gt;Playback - {3} [SUCCESS] MouseButtonClick - "[MSAA, VisibleOnly]ControlType='Client'"
\0&lt;/a&gt;
W, 6988, 102, 2012/10/19, 01:10:53.128, 224253985357, QTAgent32.exe, &lt;a class=success&gt;Playback - {4} [SUCCESS] SetValueAsEditBox "string yes" - "[MSAA, VisibleOnly]ControlType='Edit'"  &lt; Set via SendKeys &gt;
\0&lt;/a&gt;
W, 6988, 102, 2012/10/19, 01:10:53.373, 224254582493, QTAgent32.exe, &lt;a class=success&gt;Playback - {5} [SUCCESS] SendKeys "{Enter}" - "[MSAA, VisibleOnly]ControlType='Edit'"
\0&lt;/a&gt;
W, 6988, 102, 2012/10/19, 01:10:53.609, 224255156613, QTAgent32.exe, &lt;a class=success&gt;Playback - {6} [SUCCESS] MouseButtonClick - "[MSAA, VisibleOnly]ControlType='Client'"
\0&lt;/a&gt;
W, 6988, 102, 2012/10/19, 01:10:54.067, 224256270558, QTAgent32.exe, &lt;a class=success&gt;Playback - {7} [SUCCESS] SetValueAsEditBox "=3+4" - "[MSAA, VisibleOnly]ControlType='Edit'"  &lt; Set via SendKeys &gt;
\0&lt;/a&gt;
W, 6988, 102, 2012/10/19, 01:10:54.315, 224256875108, QTAgent32.exe, &lt;a class=success&gt;Playback - {8} [SUCCESS] SendKeys "{Enter}" - "[MSAA, VisibleOnly]ControlType='Edit'"
\0&lt;/a&gt;
W, 6988, 102, 2012/10/19, 01:10:54.551, 224257449250, QTAgent32.exe, &lt;a class=success&gt;Playback - {9} [SUCCESS] MouseButtonClick - "[MSAA, VisibleOnly]ControlType='Client'"
\0&lt;/a&gt;
W, 6988, 102, 2012/10/19, 01:10:54.985, 224258504845, QTAgent32.exe, &lt;a class=success&gt;Playback - {10} [SUCCESS] SetValueAsEditBox "=a1" - "[MSAA, VisibleOnly]ControlType='Edit'"  &lt; Set via SendKeys &gt;
\0&lt;/a&gt;
W, 6988, 102, 2012/10/19, 01:10:55.255, 224259163838, QTAgent32.exe, &lt;a class=success&gt;Playback - {11} [SUCCESS] SendKeys "{Enter}" - "[MSAA, VisibleOnly]ControlType='Edit'"
\0&lt;/a&gt;
W, 6988, 102, 2012/10/19, 01:10:56.888, 224263136476, QTAgent32.exe, Playback - [WARNING] Internal warning: Target element "[MSAA]ControlType='MenuItem' &amp;&amp; Name='Help'" was not found, so all intermediate elements were ignored. An incorrect element that matches target element Id can be found as the result.  Verify that all intermediate elements in QueryId have valid and unique Ids
\0
W, 6988, 102, 2012/10/19, 01:10:57.434, 224264465976, QTAgent32.exe, Playback - [WARNING] Internal warning: 2 UI elements have the same ElementIds.  Use "Instance = 'n'" to avoid this warning for: [MSAA, VisibleOnly]ControlType='MenuBar'
\0
W, 6988, 102, 2012/10/19, 01:10:57.470, 224264553024, QTAgent32.exe, PERF WARNING: FindAllDescendents: took 2098 ms. Expected it to take maximum 500 ms.
W, 6988, 102, 2012/10/19, 01:10:57.605, 224264882397, QTAgent32.exe, &lt;a class=success&gt;Playback - {12} [SUCCESS] MouseButtonClick - "[MSAA]ControlType='MenuItem' &amp;&amp; Name='Help'"
\0&lt;/a&gt;
W, 6988, 102, 2012/10/19, 01:10:57.856, 224265493391, QTAgent32.exe, &lt;a class=success&gt;Playback - {13} [SUCCESS] MouseButtonClick - "[MSAA, VisibleOnly]ControlType='Button' &amp;&amp; Name='OK'"
\0&lt;/a&gt;
W, 6988, 102, 2012/10/19, 01:10:57.960, 224265746130, QTAgent32.exe, FindScreenElementInSinglePass : Attempting to find control in one pass of search. Failures can occur.
W, 6988, 102, 2012/10/19, 01:10:58.979, 224268222265, QTAgent32.exe, Playback - [WARNING] Internal warning:Search failure: [MSAA, VisibleOnly]ControlType='MenuBar' | [MSAA]ControlType='MenuItem' &amp;&amp; Name='File' | Performed (2) search retries, UI element not found
\0
E, 6988, 102, 2012/10/19, 01:10:58.979, 224268222905, QTAgent32.exe, &lt;a class=failure&gt;Playback - {14} [FAILED] Function ElementFetcher::FindScreenElement failed to locate UI element (Searching: ;[MSAA, VisibleOnly]ControlType='MenuBar';[MSAA]ControlType='MenuItem' &amp;&amp; Name='File';[MSAA]ControlType='MenuItem' &amp;&amp; Name='New') (The object specified was not found.)
\0&lt;/a&gt;
E, 6988, 102, 2012/10/19, 01:10:59.102, 224268522991, QTAgent32.exe, Playback - [IMAGE] C:\Users\Weston\AppData\Local\Temp\UITestLogs\LastRun\RPF2F6E.png
\0
W, 6988, 102, 2012/10/19, 01:10:59.102, 224268523423, QTAgent32.exe, Playback - [WARNING] Internal warning: Couldn't find descendants that match QueryId
\0
W, 6988, 102, 2012/10/19, 01:10:59.103, 224268523914, QTAgent32.exe, PERF WARNING: FindAllDescendents: took 1135 ms. Expected it to take maximum 500 ms.
W, 6988, 102, 2012/10/19, 01:10:59.103, 224268524245, QTAgent32.exe, FindScreenElementInSinglePass : Attempting to find control in one pass of search. Failures can occur.
W, 6988, 102, 2012/10/19, 01:10:59.113, 224268549806, QTAgent32.exe, FindScreenElementInSinglePass : Attempting to find control in one pass of search. Failures can occur.
W, 6988, 102, 2012/10/19, 01:10:59.626, 224269796835, QTAgent32.exe, Playback - [WARNING] Internal warning: Target element "[MSAA]ControlType='MenuItem' &amp;&amp; Name='File'" was not found, so all intermediate elements were ignored. An incorrect element that matches target element Id can be found as the result.  Verify that all intermediate elements in QueryId have valid and unique Ids
\0
W, 6988, 102, 2012/10/19, 01:11:01.136, 224273472513, QTAgent32.exe, Playback - [WARNING] Internal warning:Search failure: [MSAA]ControlType='MenuItem' &amp;&amp; Name='File' | Performed (2) search retries, UI element not found
\0
E, 6988, 102, 2012/10/19, 01:11:01.136, 224273472914, QTAgent32.exe, &lt;a class=failure&gt;Playback - {15} [FAILED] Function ElementFetcher::FindScreenElement failed to locate UI element (Searching: ;[MSAA]ControlType='MenuItem' &amp;&amp; Name='File') (The object specified was not found.)
\0&lt;/a&gt;
E, 6988, 102, 2012/10/19, 01:11:01.232, 224273705063, QTAgent32.exe, Playback - [IMAGE] C:\Users\Weston\AppData\Local\Temp\UITestLogs\LastRun\RPF37D8.png
\0
W, 6988, 102, 2012/10/19, 01:11:01.232, 224273705488, QTAgent32.exe, Playback - [WARNING] Internal warning: Couldn't find descendants that match QueryId
\0
W, 6988, 102, 2012/10/19, 01:11:01.232, 224273705981, QTAgent32.exe, PERF WARNING: FindAllDescendents: took 2114 ms. Expected it to take maximum 500 ms.
W, 6988, 102, 2012/10/19, 01:11:02.754, 224277409503, QTAgent32.exe, Playback - [WARNING] Internal warning: Target element "[MSAA]ControlType='MenuItem' &amp;&amp; Name='File'" was not found, so all intermediate elements were ignored. An incorrect element that matches target element Id can be found as the result.  Verify that all intermediate elements in QueryId have valid and unique Ids
\0
W, 6988, 102, 2012/10/19, 01:11:03.297, 224278732393, QTAgent32.exe, Playback - [WARNING] Internal warning: 2 UI elements have the same ElementIds.  Use "Instance = 'n'" to avoid this warning for: [MSAA, VisibleOnly]ControlType='MenuBar'
\0
W, 6988, 102, 2012/10/19, 01:11:03.332, 224278816765, QTAgent32.exe, PERF WARNING: FindAllDescendents: took 2095 ms. Expected it to take maximum 500 ms.
W, 6988, 102, 2012/10/19, 01:11:03.472, 224279158351, QTAgent32.exe, &lt;a class=success&gt;Playback - {16} [SUCCESS] LeftButtonClick  &lt; Mouse cursor location (210, 243) &gt;
\0&lt;/a&gt;
W, 6988, 102, 2012/10/19, 01:11:03.585, 224279433069, QTAgent32.exe, &lt;a class=success&gt;Playback - {17} [SUCCESS] LeftButtonClick - "[MSAA]ControlType='MenuItem' &amp;&amp; Name='File'"  &lt; Mouse cursor location (232, 243) &gt;
\0&lt;/a&gt;
W, 6988, 102, 2012/10/19, 01:11:03.775, 224279894426, QTAgent32.exe, &lt;a class=success&gt;Playback - {18} [SUCCESS] MouseButtonClick - "[MSAA]ControlType='MenuItem' &amp;&amp; Name='New'"
\0&lt;/a&gt;
W, 6988, 102, 2012/10/19, 01:11:03.886, 224280165477, QTAgent32.exe, FindNTopWindows : Search will be continued for 12000 even on failure
W, 6988, 102, 2012/10/19, 01:11:03.948, 224280315577, QTAgent32.exe, FindScreenElementInSinglePass : Attempting to find control in one pass of search. Failures can occur.
W, 6988, 102, 2012/10/19, 01:11:04.968, 224282797389, QTAgent32.exe, Playback - [WARNING] Internal warning:Search failure: [MSAA, VisibleOnly]ControlType='MenuBar' | [MSAA]ControlType='MenuItem' &amp;&amp; Name='File' | Performed (2) search retries, UI element not found
\0
E, 6988, 102, 2012/10/19, 01:11:04.968, 224282797912, QTAgent32.exe, &lt;a class=failure&gt;Playback - {19} [FAILED] Function ElementFetcher::FindScreenElement failed to locate UI element (Searching: ;[MSAA, VisibleOnly]ControlType='MenuBar';[MSAA]ControlType='MenuItem' &amp;&amp; Name='File';[MSAA]ControlType='MenuItem' &amp;&amp; Name='Close') (The object specified was not found.)
\0&lt;/a&gt;
E, 6988, 102, 2012/10/19, 01:11:05.062, 224283027323, QTAgent32.exe, Playback - [IMAGE] C:\Users\Weston\AppData\Local\Temp\UITestLogs\LastRun\RPF46D7.png
\0
W, 6988, 102, 2012/10/19, 01:11:05.062, 224283027738, QTAgent32.exe, Playback - [WARNING] Internal warning: Couldn't find descendants that match QueryId
\0
W, 6988, 102, 2012/10/19, 01:11:05.063, 224283028239, QTAgent32.exe, PERF WARNING: FindAllDescendents: took 1109 ms. Expected it to take maximum 500 ms.
W, 6988, 102, 2012/10/19, 01:11:05.063, 224283028561, QTAgent32.exe, FindScreenElementInSinglePass : Attempting to find control in one pass of search. Failures can occur.
W, 6988, 102, 2012/10/19, 01:11:05.072, 224283051071, QTAgent32.exe, FindScreenElementInSinglePass : Attempting to find control in one pass of search. Failures can occur.
W, 6988, 102, 2012/10/19, 01:11:05.584, 224284296920, QTAgent32.exe, Playback - [WARNING] Internal warning: Target element "[MSAA]ControlType='MenuItem' &amp;&amp; Name='File'" was not found, so all intermediate elements were ignored. An incorrect element that matches target element Id can be found as the result.  Verify that all intermediate elements in QueryId have valid and unique Ids
\0
W, 6988, 102, 2012/10/19, 01:11:07.094, 224287972210, QTAgent32.exe, Playback - [WARNING] Internal warning:Search failure: [MSAA]ControlType='MenuItem' &amp;&amp; Name='File' | Performed (2) search retries, UI element not found
\0
E, 6988, 102, 2012/10/19, 01:11:07.094, 224287972619, QTAgent32.exe, &lt;a class=failure&gt;Playback - {20} [FAILED] Function ElementFetcher::FindScreenElement failed to locate UI element (Searching: ;[MSAA]ControlType='MenuItem' &amp;&amp; Name='File') (The object specified was not found.)
\0&lt;/a&gt;
E, 6988, 102, 2012/10/19, 01:11:07.193, 224288212885, QTAgent32.exe, Playback - [IMAGE] C:\Users\Weston\AppData\Local\Temp\UITestLogs\LastRun\RPF4F21.png
\0
W, 6988, 102, 2012/10/19, 01:11:07.193, 224288213331, QTAgent32.exe, Playback - [WARNING] Internal warning: Couldn't find descendants that match QueryId
\0
W, 6988, 102, 2012/10/19, 01:11:07.193, 224288213835, QTAgent32.exe, PERF WARNING: FindAllDescendents: took 2116 ms. Expected it to take maximum 500 ms.
W, 6988, 102, 2012/10/19, 01:11:08.716, 224291919045, QTAgent32.exe, Playback - [WARNING] Internal warning: Target element "[MSAA]ControlType='MenuItem' &amp;&amp; Name='File'" was not found, so all intermediate elements were ignored. An incorrect element that matches target element Id can be found as the result.  Verify that all intermediate elements in QueryId have valid and unique Ids
\0
W, 6988, 102, 2012/10/19, 01:11:09.259, 224293241684, QTAgent32.exe, Playback - [WARNING] Internal warning: 2 UI elements have the same ElementIds.  Use "Instance = 'n'" to avoid this warning for: [MSAA, VisibleOnly]ControlType='MenuBar'
\0
W, 6988, 102, 2012/10/19, 01:11:09.294, 224293325688, QTAgent32.exe, PERF WARNING: FindAllDescendents: took 2095 ms. Expected it to take maximum 500 ms.
W, 6988, 102, 2012/10/19, 01:11:09.428, 224293652427, QTAgent32.exe, &lt;a class=success&gt;Playback - {21} [SUCCESS] LeftButtonClick  &lt; Mouse cursor location (35, 68) &gt;
\0&lt;/a&gt;
W, 6988, 102, 2012/10/19, 01:11:09.542, 224293929139, QTAgent32.exe, &lt;a class=success&gt;Playback - {22} [SUCCESS] LeftButtonClick - "[MSAA]ControlType='MenuItem' &amp;&amp; Name='File'"  &lt; Mouse cursor location (57, 68) &gt;
\0&lt;/a&gt;
W, 6988, 102, 2012/10/19, 01:11:09.728, 224294381911, QTAgent32.exe, &lt;a class=success&gt;Playback - {23} [SUCCESS] MouseButtonClick - "[MSAA]ControlType='MenuItem' &amp;&amp; Name='Close'"
\0&lt;/a&gt;
W, 6988, 102, 2012/10/19, 01:11:09.828, 224294625646, QTAgent32.exe, FindScreenElementInSinglePass : Attempting to find control in one pass of search. Failures can occur.
W, 6988, 102, 2012/10/19, 01:11:10.850, 224297111998, QTAgent32.exe, Playback - [WARNING] Internal warning:Search failure: [MSAA, VisibleOnly]ControlType='MenuBar' | [MSAA]ControlType='MenuItem' &amp;&amp; Name='File' | Performed (2) search retries, UI element not found
\0
E, 6988, 102, 2012/10/19, 01:11:10.850, 224297112517, QTAgent32.exe, &lt;a class=failure&gt;Playback - {24} [FAILED] Function ElementFetcher::FindScreenElement failed to locate UI element (Searching: ;[MSAA, VisibleOnly]ControlType='MenuBar';[MSAA]ControlType='MenuItem' &amp;&amp; Name='File';[MSAA]ControlType='MenuItem' &amp;&amp; Name='Close') (The object specified was not found.)
\0&lt;/a&gt;
E, 6988, 102, 2012/10/19, 01:11:10.955, 224297368136, QTAgent32.exe, Playback - [IMAGE] C:\Users\Weston\AppData\Local\Temp\UITestLogs\LastRun\RPF5DD2.png
\0
W, 6988, 102, 2012/10/19, 01:11:10.955, 224297368557, QTAgent32.exe, Playback - [WARNING] Internal warning: Couldn't find descendants that match QueryId
\0
W, 6988, 102, 2012/10/19, 01:11:10.955, 224297369066, QTAgent32.exe, PERF WARNING: FindAllDescendents: took 1118 ms. Expected it to take maximum 500 ms.
W, 6988, 102, 2012/10/19, 01:11:10.955, 224297369395, QTAgent32.exe, FindScreenElementInSinglePass : Attempting to find control in one pass of search. Failures can occur.
W, 6988, 102, 2012/10/19, 01:11:10.964, 224297391078, QTAgent32.exe, FindScreenElementInSinglePass : Attempting to find control in one pass of search. Failures can occur.
W, 6988, 102, 2012/10/19, 01:11:11.477, 224298637969, QTAgent32.exe, Playback - [WARNING] Internal warning: Target element "[MSAA]ControlType='MenuItem' &amp;&amp; Name='File'" was not found, so all intermediate elements were ignored. An incorrect element that matches target element Id can be found as the result.  Verify that all intermediate elements in QueryId have valid and unique Ids
\0
W, 6988, 102, 2012/10/19, 01:11:12.987, 224302313538, QTAgent32.exe, Playback - [WARNING] Internal warning:Search failure: [MSAA]ControlType='MenuItem' &amp;&amp; Name='File' | Performed (2) search retries, UI element not found
\0
E, 6988, 102, 2012/10/19, 01:11:12.987, 224302313952, QTAgent32.exe, &lt;a class=failure&gt;Playback - {25} [FAILED] Function ElementFetcher::FindScreenElement failed to locate UI element (Searching: ;[MSAA]ControlType='MenuItem' &amp;&amp; Name='File') (The object specified was not found.)
\0&lt;/a&gt;
E, 6988, 102, 2012/10/19, 01:11:13.086, 224302554216, QTAgent32.exe, Playback - [IMAGE] C:\Users\Weston\AppData\Local\Temp\UITestLogs\LastRun\RPF662C.png
\0
W, 6988, 102, 2012/10/19, 01:11:13.086, 224302554641, QTAgent32.exe, Playback - [WARNING] Internal warning: Couldn't find descendants that match QueryId
\0
W, 6988, 102, 2012/10/19, 01:11:13.086, 224302555180, QTAgent32.exe, PERF WARNING: FindAllDescendents: took 2117 ms. Expected it to take maximum 500 ms.
W, 6988, 102, 2012/10/19, 01:11:14.609, 224306260391, QTAgent32.exe, Playback - [WARNING] Internal warning: Target element "[MSAA]ControlType='MenuItem' &amp;&amp; Name='File'" was not found, so all intermediate elements were ignored. An incorrect element that matches target element Id can be found as the result.  Verify that all intermediate elements in QueryId have valid and unique Ids
\0
W, 6988, 102, 2012/10/19, 01:11:15.156, 224307591835, QTAgent32.exe, Playback - [WARNING] Internal warning: 2 UI elements have the same ElementIds.  Use "Instance = 'n'" to avoid this warning for: [MSAA, VisibleOnly]ControlType='MenuBar'
\0
W, 6988, 102, 2012/10/19, 01:11:15.191, 224307677000, QTAgent32.exe, PERF WARNING: FindAllDescendents: took 2099 ms. Expected it to take maximum 500 ms.
W, 6988, 102, 2012/10/19, 01:11:15.325, 224308003417, QTAgent32.exe, &lt;a class=success&gt;Playback - {26} [SUCCESS] LeftButtonClick  &lt; Mouse cursor location (210, 243) &gt;
\0&lt;/a&gt;
W, 6988, 102, 2012/10/19, 01:11:15.437, 224308275864, QTAgent32.exe, &lt;a class=success&gt;Playback - {27} [SUCCESS] LeftButtonClick - "[MSAA]ControlType='MenuItem' &amp;&amp; Name='File'"  &lt; Mouse cursor location (232, 243) &gt;
\0&lt;/a&gt;
W, 6988, 102, 2012/10/19, 01:11:15.623, 224308728202, QTAgent32.exe, &lt;a class=success&gt;Playback - {28} [SUCCESS] MouseButtonClick - "[MSAA]ControlType='MenuItem' &amp;&amp; Name='Close'"
\0&lt;/a&gt;
W, 6988, 102, 2012/10/19, 01:11:15.857, 224309298110, QTAgent32.exe, &lt;a class=success&gt;Playback - {29} [SUCCESS] MouseButtonClick - "[MSAA, VisibleOnly]ControlType='Button' &amp;&amp; Name='No'"
\0&lt;/a&gt;
W, 6988, 102, 2012/10/19, 01:11:17.492, 224313274014, QTAgent32.exe, Playback - [WARNING] Internal warning: Target element "[MSAA]ControlType='MenuItem' &amp;&amp; Name='File'" was not found, so all intermediate elements were ignored. An incorrect element that matches target element Id can be found as the result.  Verify that all intermediate elements in QueryId have valid and unique Ids
\0
W, 6988, 102, 2012/10/19, 01:11:18.034, 224314594334, QTAgent32.exe, Playback - [WARNING] Internal warning: 2 UI elements have the same ElementIds.  Use "Instance = 'n'" to avoid this warning for: [MSAA, VisibleOnly]ControlType='MenuBar'
\0
W, 6988, 102, 2012/10/19, 01:11:18.069, 224314678710, QTAgent32.exe, PERF WARNING: FindAllDescendents: took 2096 ms. Expected it to take maximum 500 ms.
W, 6988, 102, 2012/10/19, 01:11:18.200, 224314997635, QTAgent32.exe, &lt;a class=success&gt;Playback - {30} [SUCCESS] MouseButtonClick - "[MSAA]ControlType='MenuItem' &amp;&amp; Name='File'"
\0&lt;/a&gt;
W, 6988, 102, 2012/10/19, 01:11:18.306, 224315256066, QTAgent32.exe, FindScreenElementInSinglePass : Attempting to find control in one pass of search. Failures can occur.
W, 6988, 102, 2012/10/19, 01:11:19.322, 224317727325, QTAgent32.exe, Playback - [WARNING] Internal warning:Search failure: [MSAA, VisibleOnly]ControlType='MenuBar' | [MSAA]ControlType='MenuItem' &amp;&amp; Name='File' | Performed (2) search retries, UI element not found
\0
E, 6988, 102, 2012/10/19, 01:11:19.322, 224317727922, QTAgent32.exe, &lt;a class=failure&gt;Playback - {31} [FAILED] Function ElementFetcher::FindScreenElement failed to locate UI element (Searching: ;[MSAA, VisibleOnly]ControlType='MenuBar';[MSAA]ControlType='MenuItem' &amp;&amp; Name='File';[MSAA]ControlType='MenuItem' &amp;&amp; Name='Open') (The object specified was not found.)
\0&lt;/a&gt;
E, 6988, 102, 2012/10/19, 01:11:19.412, 224317948269, QTAgent32.exe, Playback - [IMAGE] C:\Users\Weston\AppData\Local\Temp\UITestLogs\LastRun\RPF7EEB.png
\0
W, 6988, 102, 2012/10/19, 01:11:19.413, 224317948717, QTAgent32.exe, Playback - [WARNING] Internal warning: Couldn't find descendants that match QueryId
\0
W, 6988, 102, 2012/10/19, 01:11:19.413, 224317949214, QTAgent32.exe, PERF WARNING: FindAllDescendents: took 1102 ms. Expected it to take maximum 500 ms.
W, 6988, 102, 2012/10/19, 01:11:19.413, 224317949537, QTAgent32.exe, FindScreenElementInSinglePass : Attempting to find control in one pass of search. Failures can occur.
W, 6988, 102, 2012/10/19, 01:11:19.422, 224317972118, QTAgent32.exe, FindScreenElementInSinglePass : Attempting to find control in one pass of search. Failures can occur.
W, 6988, 102, 2012/10/19, 01:11:19.936, 224319221858, QTAgent32.exe, Playback - [WARNING] Internal warning: Target element "[MSAA]ControlType='MenuItem' &amp;&amp; Name='File'" was not found, so all intermediate elements were ignored. An incorrect element that matches target element Id can be found as the result.  Verify that all intermediate elements in QueryId have valid and unique Ids
\0
W, 6988, 102, 2012/10/19, 01:11:21.446, 224322896978, QTAgent32.exe, Playback - [WARNING] Internal warning:Search failure: [MSAA]ControlType='MenuItem' &amp;&amp; Name='File' | Performed (2) search retries, UI element not found
\0
E, 6988, 102, 2012/10/19, 01:11:21.446, 224322897390, QTAgent32.exe, &lt;a class=failure&gt;Playback - {32} [FAILED] Function ElementFetcher::FindScreenElement failed to locate UI element (Searching: ;[MSAA]ControlType='MenuItem' &amp;&amp; Name='File') (The object specified was not found.)
\0&lt;/a&gt;
E, 6988, 102, 2012/10/19, 01:11:21.541, 224323128999, QTAgent32.exe, Playback - [IMAGE] C:\Users\Weston\AppData\Local\Temp\UITestLogs\LastRun\RPF8735.png
\0
W, 6988, 102, 2012/10/19, 01:11:21.541, 224323129413, QTAgent32.exe, Playback - [WARNING] Internal warning: Couldn't find descendants that match QueryId
\0
W, 6988, 102, 2012/10/19, 01:11:21.542, 224323129929, QTAgent32.exe, PERF WARNING: FindAllDescendents: took 2113 ms. Expected it to take maximum 500 ms.
W, 6988, 102, 2012/10/19, 01:11:23.072, 224326854225, QTAgent32.exe, Playback - [WARNING] Internal warning: Target element "[MSAA]ControlType='MenuItem' &amp;&amp; Name='File'" was not found, so all intermediate elements were ignored. An incorrect element that matches target element Id can be found as the result.  Verify that all intermediate elements in QueryId have valid and unique Ids
\0
W, 6988, 102, 2012/10/19, 01:11:23.613, 224328171907, QTAgent32.exe, Playback - [WARNING] Internal warning: 2 UI elements have the same ElementIds.  Use "Instance = 'n'" to avoid this warning for: [MSAA, VisibleOnly]ControlType='MenuBar'
\0
W, 6988, 102, 2012/10/19, 01:11:23.648, 224328255866, QTAgent32.exe, PERF WARNING: FindAllDescendents: took 2101 ms. Expected it to take maximum 500 ms.
W, 6988, 102, 2012/10/19, 01:11:23.780, 224328577514, QTAgent32.exe, &lt;a class=success&gt;Playback - {33} [SUCCESS] LeftButtonClick  &lt; Mouse cursor location (210, 243) &gt;
\0&lt;/a&gt;
W, 6988, 102, 2012/10/19, 01:11:23.894, 224328854742, QTAgent32.exe, &lt;a class=success&gt;Playback - {34} [SUCCESS] LeftButtonClick - "[MSAA]ControlType='MenuItem' &amp;&amp; Name='File'"  &lt; Mouse cursor location (232, 243) &gt;
\0&lt;/a&gt;
W, 6988, 102, 2012/10/19, 01:11:24.074, 224329292267, QTAgent32.exe, &lt;a class=success&gt;Playback - {35} [SUCCESS] MouseButtonClick - "[MSAA]ControlType='MenuItem' &amp;&amp; Name='Open'"
\0&lt;/a&gt;
E, 6988, 102, 2012/10/19, 01:11:24.451, 224330210817, QTAgent32.exe, Exception: System.ArgumentException
	Message: Value does not fall within the expected range.
	Stack Trace:    at Accessibility.IAccessible.get_accRole(Object varChild)
   at Microsoft.VisualStudio.TestTools.UITest.Extension.Msaa.AccWrapper.get_RoleInt()
	BaseExceptionMessage: Value does not fall within the expected range.

E, 6988, 102, 2012/10/19, 01:11:24.459, 224330229577, QTAgent32.exe, Exception: System.ArgumentException
	Message: Value does not fall within the expected range.
	Stack Trace:    at Accessibility.IAccessible.get_accRole(Object varChild)
   at Microsoft.VisualStudio.TestTools.UITest.Extension.Msaa.AccWrapper.get_RoleInt()
	BaseExceptionMessage: Value does not fall within the expected range.

W, 6988, 102, 2012/10/19, 01:11:24.883, 224331261384, QTAgent32.exe, &lt;a class=success&gt;Playback - {36} [SUCCESS] LeftButtonClick  &lt; Mouse cursor location (414, 645) &gt;
\0&lt;/a&gt;
W, 6988, 102, 2012/10/19, 01:11:25.396, 224332509275, QTAgent32.exe, &lt;a class=success&gt;Playback - {37} [SUCCESS] SetValueAsEditBox "test.ss"  &lt; Set via SendKeys &gt;
\0&lt;/a&gt;
W, 6988, 102, 2012/10/19, 01:11:25.396, 224332509597, QTAgent32.exe, &lt;a class=success&gt;Playback - {38} [SUCCESS] SetValueAsComboBox "test.ss" - "[MSAA, VisibleOnly]ControlType='ComboBox' &amp;&amp; Name='File name:'"  &lt; Set via SetValueAsEditBox &gt;
\0&lt;/a&gt;
W, 6988, 102, 2012/10/19, 01:11:25.686, 224333216517, QTAgent32.exe, &lt;a class=success&gt;Playback - {39} [SUCCESS] MouseButtonClick - "[MSAA, VisibleOnly]ControlType='SplitButton' &amp;&amp; Name='Open'"
\0&lt;/a&gt;
W, 6988, 102, 2012/10/19, 01:11:25.787, 224333462233, QTAgent32.exe, FindNTopWindows : Search will be continued for 12000 even on failure
W, 6988, 102, 2012/10/19, 01:11:26.070, 224334151199, QTAgent32.exe, &lt;a class=success&gt;Playback - {40} [SUCCESS] MouseButtonClick - "[MSAA, VisibleOnly]ControlType='Client'"
\0&lt;/a&gt;
W, 6988, 102, 2012/10/19, 01:11:26.177, 224334410023, QTAgent32.exe, FindScreenElementInSinglePass : Attempting to find control in one pass of search. Failures can occur.
W, 6988, 102, 2012/10/19, 01:11:27.194, 224336885012, QTAgent32.exe, Playback - [WARNING] Internal warning:Search failure: [MSAA, VisibleOnly]ControlType='MenuBar' | [MSAA]ControlType='MenuItem' &amp;&amp; Name='File' | Performed (2) search retries, UI element not found
\0
E, 6988, 102, 2012/10/19, 01:11:27.194, 224336885555, QTAgent32.exe, &lt;a class=failure&gt;Playback - {41} [FAILED] Function ElementFetcher::FindScreenElement failed to locate UI element (Searching: ;[MSAA, VisibleOnly]ControlType='MenuBar';[MSAA]ControlType='MenuItem' &amp;&amp; Name='File';[MSAA]ControlType='MenuItem' &amp;&amp; Name='Save') (The object specified was not found.)
\0&lt;/a&gt;
E, 6988, 102, 2012/10/19, 01:11:27.285, 224337107483, QTAgent32.exe, Playback - [IMAGE] C:\Users\Weston\AppData\Local\Temp\UITestLogs\LastRun\RPF9DB3.png
\0
W, 6988, 102, 2012/10/19, 01:11:27.285, 224337107950, QTAgent32.exe, Playback - [WARNING] Internal warning: Couldn't find descendants that match QueryId
\0
W, 6988, 102, 2012/10/19, 01:11:27.285, 224337108454, QTAgent32.exe, PERF WARNING: FindAllDescendents: took 1104 ms. Expected it to take maximum 500 ms.
W, 6988, 102, 2012/10/19, 01:11:27.286, 224337108785, QTAgent32.exe, FindScreenElementInSinglePass : Attempting to find control in one pass of search. Failures can occur.
W, 6988, 102, 2012/10/19, 01:11:27.295, 224337131581, QTAgent32.exe, FindScreenElementInSinglePass : Attempting to find control in one pass of search. Failures can occur.
W, 6988, 102, 2012/10/19, 01:11:27.808, 224338379309, QTAgent32.exe, Playback - [WARNING] Internal warning: Target element "[MSAA]ControlType='MenuItem' &amp;&amp; Name='File'" was not found, so all intermediate elements were ignored. An incorrect element that matches target element Id can be found as the result.  Verify that all intermediate elements in QueryId have valid and unique Ids
\0
W, 6988, 102, 2012/10/19, 01:11:29.318, 224342054853, QTAgent32.exe, Playback - [WARNING] Internal warning:Search failure: [MSAA]ControlType='MenuItem' &amp;&amp; Name='File' | Performed (2) search retries, UI element not found
\0
E, 6988, 102, 2012/10/19, 01:11:29.318, 224342055248, QTAgent32.exe, &lt;a class=failure&gt;Playback - {42} [FAILED] Function ElementFetcher::FindScreenElement failed to locate UI element (Searching: ;[MSAA]ControlType='MenuItem' &amp;&amp; Name='File') (The object specified was not found.)
\0&lt;/a&gt;
E, 6988, 102, 2012/10/19, 01:11:29.415, 224342290197, QTAgent32.exe, Playback - [IMAGE] C:\Users\Weston\AppData\Local\Temp\UITestLogs\LastRun\RPFA5FE.png
\0
W, 6988, 102, 2012/10/19, 01:11:29.415, 224342290608, QTAgent32.exe, Playback - [WARNING] Internal warning: Couldn't find descendants that match QueryId
\0
W, 6988, 102, 2012/10/19, 01:11:29.415, 224342291132, QTAgent32.exe, PERF WARNING: FindAllDescendents: took 2115 ms. Expected it to take maximum 500 ms.
W, 6988, 102, 2012/10/19, 01:11:30.941, 224346004326, QTAgent32.exe, Playback - [WARNING] Internal warning: Target element "[MSAA]ControlType='MenuItem' &amp;&amp; Name='File'" was not found, so all intermediate elements were ignored. An incorrect element that matches target element Id can be found as the result.  Verify that all intermediate elements in QueryId have valid and unique Ids
\0
W, 6988, 102, 2012/10/19, 01:11:31.487, 224347333776, QTAgent32.exe, Playback - [WARNING] Internal warning: 2 UI elements have the same ElementIds.  Use "Instance = 'n'" to avoid this warning for: [MSAA, VisibleOnly]ControlType='MenuBar'
\0
W, 6988, 102, 2012/10/19, 01:11:31.522, 224347419548, QTAgent32.exe, PERF WARNING: FindAllDescendents: took 2102 ms. Expected it to take maximum 500 ms.
W, 6988, 102, 2012/10/19, 01:11:31.658, 224347750528, QTAgent32.exe, &lt;a class=success&gt;Playback - {43} [SUCCESS] LeftButtonClick  &lt; Mouse cursor location (60, 93) &gt;
\0&lt;/a&gt;
W, 6988, 102, 2012/10/19, 01:11:31.773, 224348028978, QTAgent32.exe, &lt;a class=success&gt;Playback - {44} [SUCCESS] LeftButtonClick - "[MSAA]ControlType='MenuItem' &amp;&amp; Name='File'"  &lt; Mouse cursor location (82, 93) &gt;
\0&lt;/a&gt;
W, 6988, 102, 2012/10/19, 01:11:31.960, 224348484478, QTAgent32.exe, &lt;a class=success&gt;Playback - {45} [SUCCESS] MouseButtonClick - "[MSAA]ControlType='MenuItem' &amp;&amp; Name='Save'"
\0&lt;/a&gt;
W, 6988, 102, 2012/10/19, 01:11:32.187, 224349036755, QTAgent32.exe, &lt;a class=success&gt;Playback - {46} [SUCCESS] MouseButtonClick - "[MSAA, VisibleOnly]ControlType='Client'"
\0&lt;/a&gt;
W, 6988, 102, 2012/10/19, 01:11:32.411, 224349581358, QTAgent32.exe, &lt;a class=success&gt;Playback - {47} [SUCCESS] MouseButtonClick - "[MSAA, VisibleOnly]ControlType='Client'"
\0&lt;/a&gt;
W, 6988, 102, 2012/10/19, 01:11:32.793, 224350511843, QTAgent32.exe, &lt;a class=success&gt;Playback - {48} [SUCCESS] SendKeys "^{HOME}" - "[MSAA, VisibleOnly]ControlType='Edit'"
\0&lt;/a&gt;
E, 6988, 102, 2012/10/19, 01:11:32.795, 224350516874, QTAgent32.exe, Msaa.GetFocusedElement: could not find accessible object of foreground window
W, 6988, 102, 2012/10/19, 01:11:32.867, 224350692326, QTAgent32.exe, &lt;a class=success&gt;Playback - {49} [SUCCESS] SendKeys "^+{END}" - "[MSAA, VisibleOnly]ControlType='Edit'"
\0&lt;/a&gt;
E, 6988, 102, 2012/10/19, 01:11:32.867, 224350692805, QTAgent32.exe, Msaa.GetFocusedElement: could not find accessible object of foreground window
W, 6988, 102, 2012/10/19, 01:11:32.892, 224350753760, QTAgent32.exe, &lt;a class=success&gt;Playback - {50} [SUCCESS] SendKeys "{DELETE}" - "[MSAA, VisibleOnly]ControlType='Edit'"
\0&lt;/a&gt;
W, 6988, 102, 2012/10/19, 01:11:33.154, 224351390876, QTAgent32.exe, &lt;a class=success&gt;Playback - {51} [SUCCESS] SetValueAsEditBox "1" - "[MSAA, VisibleOnly]ControlType='Edit'"  &lt; Set via SendKeys &gt;
\0&lt;/a&gt;
W, 6988, 102, 2012/10/19, 01:11:33.506, 224352246868, QTAgent32.exe, &lt;a class=success&gt;Playback - {52} [SUCCESS] SendKeys "{Enter}" - "[MSAA, VisibleOnly]ControlType='Edit'"
\0&lt;/a&gt;
W, 6988, 102, 2012/10/19, 01:11:33.613, 224352507999, QTAgent32.exe, FindScreenElementInSinglePass : Attempting to find control in one pass of search. Failures can occur.
W, 6988, 102, 2012/10/19, 01:11:34.631, 224354981380, QTAgent32.exe, Playback - [WARNING] Internal warning:Search failure: [MSAA, VisibleOnly]ControlType='MenuBar' | [MSAA]ControlType='MenuItem' &amp;&amp; Name='File' | Performed (2) search retries, UI element not found
\0
E, 6988, 102, 2012/10/19, 01:11:34.631, 224354981802, QTAgent32.exe, &lt;a class=failure&gt;Playback - {53} [FAILED] Function ElementFetcher::FindScreenElement failed to locate UI element (Searching: ;[MSAA, VisibleOnly]ControlType='MenuBar';[MSAA]ControlType='MenuItem' &amp;&amp; Name='File';[MSAA]ControlType='MenuItem' &amp;&amp; Name='Close') (The object specified was not found.)
\0&lt;/a&gt;
E, 6988, 102, 2012/10/19, 01:11:34.727, 224355216051, QTAgent32.exe, Playback - [IMAGE] C:\Users\Weston\AppData\Local\Temp\UITestLogs\LastRun\RPFBAB7.png
\0
W, 6988, 102, 2012/10/19, 01:11:34.727, 224355216489, QTAgent32.exe, Playback - [WARNING] Internal warning: Couldn't find descendants that match QueryId
\0
W, 6988, 102, 2012/10/19, 01:11:34.727, 224355217021, QTAgent32.exe, PERF WARNING: FindAllDescendents: took 1108 ms. Expected it to take maximum 500 ms.
W, 6988, 102, 2012/10/19, 01:11:34.728, 224355217358, QTAgent32.exe, FindScreenElementInSinglePass : Attempting to find control in one pass of search. Failures can occur.
W, 6988, 102, 2012/10/19, 01:11:34.737, 224355239597, QTAgent32.exe, FindScreenElementInSinglePass : Attempting to find control in one pass of search. Failures can occur.
W, 6988, 102, 2012/10/19, 01:11:35.250, 224356488171, QTAgent32.exe, Playback - [WARNING] Internal warning: Target element "[MSAA]ControlType='MenuItem' &amp;&amp; Name='File'" was not found, so all intermediate elements were ignored. An incorrect element that matches target element Id can be found as the result.  Verify that all intermediate elements in QueryId have valid and unique Ids
\0
W, 6988, 102, 2012/10/19, 01:11:36.760, 224360163636, QTAgent32.exe, Playback - [WARNING] Internal warning:Search failure: [MSAA]ControlType='MenuItem' &amp;&amp; Name='File' | Performed (2) search retries, UI element not found
\0
E, 6988, 102, 2012/10/19, 01:11:36.760, 224360164040, QTAgent32.exe, &lt;a class=failure&gt;Playback - {54} [FAILED] Function ElementFetcher::FindScreenElement failed to locate UI element (Searching: ;[MSAA]ControlType='MenuItem' &amp;&amp; Name='File') (The object specified was not found.)
\0&lt;/a&gt;
E, 6988, 102, 2012/10/19, 01:11:36.874, 224360440039, QTAgent32.exe, Playback - [IMAGE] C:\Users\Weston\AppData\Local\Temp\UITestLogs\LastRun\RPFC311.png
\0
W, 6988, 102, 2012/10/19, 01:11:36.874, 224360440507, QTAgent32.exe, Playback - [WARNING] Internal warning: Couldn't find descendants that match QueryId
\0
W, 6988, 102, 2012/10/19, 01:11:36.874, 224360441031, QTAgent32.exe, PERF WARNING: FindAllDescendents: took 2132 ms. Expected it to take maximum 500 ms.
W, 6988, 102, 2012/10/19, 01:11:38.397, 224364146826, QTAgent32.exe, Playback - [WARNING] Internal warning: Target element "[MSAA]ControlType='MenuItem' &amp;&amp; Name='File'" was not found, so all intermediate elements were ignored. An incorrect element that matches target element Id can be found as the result.  Verify that all intermediate elements in QueryId have valid and unique Ids
\0
W, 6988, 102, 2012/10/19, 01:11:38.939, 224365466399, QTAgent32.exe, Playback - [WARNING] Internal warning: 2 UI elements have the same ElementIds.  Use "Instance = 'n'" to avoid this warning for: [MSAA, VisibleOnly]ControlType='MenuBar'
\0
W, 6988, 102, 2012/10/19, 01:11:38.976, 224365556628, QTAgent32.exe, PERF WARNING: FindAllDescendents: took 2096 ms. Expected it to take maximum 500 ms.
W, 6988, 102, 2012/10/19, 01:11:39.111, 224365884936, QTAgent32.exe, &lt;a class=success&gt;Playback - {55} [SUCCESS] LeftButtonClick  &lt; Mouse cursor location (60, 93) &gt;
\0&lt;/a&gt;
W, 6988, 102, 2012/10/19, 01:11:39.225, 224366161988, QTAgent32.exe, &lt;a class=success&gt;Playback - {56} [SUCCESS] LeftButtonClick - "[MSAA]ControlType='MenuItem' &amp;&amp; Name='File'"  &lt; Mouse cursor location (82, 93) &gt;
\0&lt;/a&gt;
W, 6988, 102, 2012/10/19, 01:11:39.413, 224366619735, QTAgent32.exe, &lt;a class=success&gt;Playback - {57} [SUCCESS] MouseButtonClick - "[MSAA]ControlType='MenuItem' &amp;&amp; Name='Close'"
\0&lt;/a&gt;
W, 6988, 102, 2012/10/19, 01:11:39.655, 224367209227, QTAgent32.exe, &lt;a class=success&gt;Playback - {58} [SUCCESS] MouseButtonClick - "[MSAA, VisibleOnly]ControlType='Button' &amp;&amp; Name='No'"
\0&lt;/a&gt;
E, 6988, 102, 2012/10/19, 01:11:39.755, 224367452057, QTAgent32.exe, GetClassName for handle 4392444 failed
W, 6988, 102, 2012/10/19, 01:11:40.002, 224368052412, QTAgent32.exe, Playback - [WARNING] Internal warning: Window Not Found: [VisibleOnly]ControlType='Window' &amp;&amp; Name='Warning' &amp;&amp; ClassName='#32770'
\0
E, 6988, 102, 2012/10/19, 01:11:40.002, 224368052812, QTAgent32.exe, &lt;a class=failure&gt;Playback - {59} [FAILED] Function ElementFetcher::FindScreenElement failed to locate UI element (Searching: ;[VisibleOnly]ControlType='Window' &amp;&amp; Name='Warning' &amp;&amp; ClassName='#32770') (The object specified was not found.)
\0&lt;/a&gt;
E, 6988, 102, 2012/10/19, 01:11:40.105, 224368302996, QTAgent32.exe, Playback - [IMAGE] C:\Users\Weston\AppData\Local\Temp\UITestLogs\LastRun\RPFCFBF.png
\0
W, 6988, 102, 2012/10/19, 01:11:40.105, 224368303420, QTAgent32.exe, Playback - [WARNING] Internal warning: Couldn't find descendants that match QueryId
\0
W, 6988, 102, 2012/10/19, 01:11:58.177, 224412281811, QTAgent32.exe, Playback - [WARNING] Internal warning: Window Not Found: [VisibleOnly]ControlType='Window' &amp;&amp; Name='Warning' &amp;&amp; ClassName='#32770'
\0
E, 6988, 102, 2012/10/19, 01:11:58.177, 224412282245, QTAgent32.exe, &lt;a class=failure&gt;Playback - {60} [FAILED] Function ElementFetcher::FindScreenElement failed to locate UI element (Searching: ;[VisibleOnly]ControlType='Window' &amp;&amp; Name='Warning' &amp;&amp; ClassName='#32770') (The object specified was not found.)
\0&lt;/a&gt;
E, 6988, 102, 2012/10/19, 01:11:58.285, 224412545704, QTAgent32.exe, Playback - [IMAGE] C:\Users\Weston\AppData\Local\Temp\UITestLogs\LastRun\RPF16BE.png
\0
W, 6988, 102, 2012/10/19, 01:11:58.285, 224412546140, QTAgent32.exe, Playback - [WARNING] Internal warning: Couldn't find descendants that match QueryId
\0
W, 6988, 102, 2012/10/19, 01:11:58.286, 224412546738, QTAgent32.exe, PERF WARNING: FindTopLevelWindowHelper::FindAllDescendents: took 18179 ms. Expected it to take maximum 500 ms.
W, 6988, 102, 2012/10/19, 01:11:58.752, 224413681702, QTAgent32.exe, Playback - [WARNING] Internal warning: Smart Match failed
\0
W, 6988, 102, 2012/10/19, 01:11:58.960, 224414188442, QTAgent32.exe, Playback - [WARNING] Internal warning: Smart Match failed
\0
W, 6988, 102, 2012/10/19, 01:11:59.166, 224414690378, QTAgent32.exe, Playback - [WARNING] Internal warning: Smart Match failed
\0
W, 6988, 102, 2012/10/19, 01:11:59.374, 224415196486, QTAgent32.exe, Playback - [WARNING] Internal warning: Smart Match failed
\0
W, 6988, 102, 2012/10/19, 01:11:59.579, 224415694470, QTAgent32.exe, Playback - [WARNING] Internal warning: Smart Match failed
\0
W, 6988, 102, 2012/10/19, 01:11:59.790, 224416208985, QTAgent32.exe, Playback - [WARNING] Internal warning: Smart Match failed
\0
W, 6988, 102, 2012/10/19, 01:11:59.998, 224416714033, QTAgent32.exe, Playback - [WARNING] Internal warning: Smart Match failed
\0
W, 6988, 102, 2012/10/19, 01:12:00.213, 224417237699, QTAgent32.exe, Playback - [WARNING] Internal warning: Smart Match failed
\0
W, 6988, 102, 2012/10/19, 01:12:00.420, 224417741735, QTAgent32.exe, Playback - [WARNING] Internal warning: Smart Match failed
\0
W, 6988, 102, 2012/10/19, 01:12:00.626, 224418241422, QTAgent32.exe, Playback - [WARNING] Internal warning: Smart Match failed
\0
W, 6988, 102, 2012/10/19, 01:12:00.835, 224418750177, QTAgent32.exe, Playback - [WARNING] Internal warning: Smart Match failed
\0
W, 6988, 102, 2012/10/19, 01:12:01.041, 224419251308, QTAgent32.exe, Playback - [WARNING] Internal warning: Smart Match failed
\0
W, 6988, 102, 2012/10/19, 01:12:01.245, 224419749228, QTAgent32.exe, Playback - [WARNING] Internal warning: Smart Match failed
\0
W, 6988, 102, 2012/10/19, 01:12:01.340, 224419979476, QTAgent32.exe, Playback - [WARNING] Internal warning: Window Not Found: [VisibleOnly]ControlType='Window' &amp;&amp; Name='Warning' &amp;&amp; ClassName='#32770'
\0
E, 6988, 102, 2012/10/19, 01:12:01.340, 224419979853, QTAgent32.exe, &lt;a class=failure&gt;Playback - {61} [FAILED] Function ElementFetcher::FindScreenElement failed to locate UI element (Searching: ;[VisibleOnly]ControlType='Window' &amp;&amp; Name='Warning' &amp;&amp; ClassName='#32770') (The object specified was not found.)
\0&lt;/a&gt;
E, 6988, 102, 2012/10/19, 01:12:01.451, 224420250283, QTAgent32.exe, Playback - [IMAGE] C:\Users\Weston\AppData\Local\Temp\UITestLogs\LastRun\RPF231E.png
\0
W, 6988, 102, 2012/10/19, 01:12:01.451, 224420250707, QTAgent32.exe, Playback - [WARNING] Internal warning: Couldn't find descendants that match QueryId
\0
W, 6988, 102, 2012/10/19, 01:12:01.451, 224420251229, QTAgent32.exe, PERF WARNING: FindTopLevelWindowHelper::FindAllDescendents: took 3165 ms. Expected it to take maximum 500 ms.
E, 6988, 102, 2012/10/19, 01:12:01.452, 224420251507, QTAgent32.exe, Exception: System.Runtime.InteropServices.COMException
	Message: Error HRESULT E_FAIL has been returned from a call to a COM component.
	Stack Trace:    at Microsoft.VisualStudio.TestTools.UITest.Playback.Engine.IRPFPlayback.FindAllScreenElements(IScreenElement pScreenElementStart, String bstrQueryId, Object&amp; pvarResKeys, Int32 cResKeys, Int32 nMaxDepth, Object[]&amp; foundDescendants)
   at Microsoft.VisualStudio.TestTools.UITest.Playback.ScreenElement.FindTopLevelWindowHelper(String queryId)
	BaseExceptionMessage: Error HRESULT E_FAIL has been returned from a call to a COM component.

E, 6988, 102, 2012/10/19, 01:12:01.506, 224420383974, QTAgent32.exe, EnsureValid called via EnsureValid call for same element
E, 6988, 102, 2012/10/19, 01:12:01.506, 224420384735, QTAgent32.exe, GetClassName for handle 3147626 failed
E, 6988, 102, 2012/10/19, 01:12:01.507, 224420386210, QTAgent32.exe, Window 3147626 not responding. Last Win32 error 1400
E, 6988, 102, 2012/10/19, 01:12:01.507, 224420386343, QTAgent32.exe, GetClassName for handle 3147626 failed
E, 6988, 102, 2012/10/19, 01:12:01.509, 224420390699, QTAgent32.exe, Window 4392444 not responding. Last Win32 error 1400
E, 6988, 102, 2012/10/19, 01:12:01.509, 224420390963, QTAgent32.exe, GetClassName for handle 4392444 failed
E, 6988, 102, 2012/10/19, 01:12:01.613, 224420644550, QTAgent32.exe, AL: Playback Error: Microsoft.VisualStudio.TestTools.UITest.Extension.UITestControlNotAvailableException: The control is not available or not valid. Additional Details: 
TechnologyName:  'MSAA'
ControlType:  'Button'
 ---&gt; Microsoft.VisualStudio.TestTools.UITest.Extension.UITestControlNotAvailableException: The control is not available or not valid. Additional Details: 
TechnologyName:  'MSAA'
ControlType:  'Window'
 ---&gt; System.Runtime.InteropServices.COMException: Error HRESULT E_FAIL has been returned from a call to a COM component.
   at Microsoft.VisualStudio.TestTools.UITest.Playback.Engine.IRPFPlayback.FindAllScreenElements(IScreenElement pScreenElementStart, String bstrQueryId, Object&amp; pvarResKeys, Int32 cResKeys, Int32 nMaxDepth, Object[]&amp; foundDescendants)
   at Microsoft.VisualStudio.TestTools.UITest.Playback.ScreenElement.FindTopLevelWindowHelper(String queryId)
   at Microsoft.VisualStudio.TestTools.UITest.Playback.ScreenElement.FindFromPartialQueryId(String queryId)
   at Microsoft.VisualStudio.TestTools.UITesting.UITestControl.EnsureValid(Boolean waitForReady, Boolean refetch)
   --- End of inner exception stack trace ---
   at Microsoft.VisualStudio.TestTools.UITesting.UITestControl.EnsureValid(Boolean waitForReady, Boolean refetch)
   at Microsoft.VisualStudio.TestTools.UITesting.UITestControl.FindFirstDescendant(String queryId, Int32 maxDepth, Int32&amp; timeLeft)
   at Microsoft.VisualStudio.TestTools.UITesting.UITestControl.FindFirstDescendant(String queryId)
   at Microsoft.VisualStudio.TestTools.UITesting.UITestControl.EnsureValid(Boolean waitForReady, Boolean refetch)
   --- End of inner exception stack trace ---
   at Microsoft.VisualStudio.TestTools.UITesting.UITestControl.EnsureValid(Boolean waitForReady, Boolean refetch)
   at Microsoft.VisualStudio.TestTools.UITesting.UITestControl.Click(MouseButtons button, ModifierKeys modifierKeys, Point relativeCoordinates)
   at Microsoft.VisualStudio.TestTools.UITesting.Mouse.ClickImplementation(UITestControl control, MouseButtons button, ModifierKeys modifierKeys, Point relativeCoordinate)
   at Microsoft.VisualStudio.TestTools.UITesting.Mouse.ClickImplementationWrapper(UITestControl control, MouseButtons button, ModifierKeys modifierKeys, Point relativeCoordinate)
W, 6988, 102, 2012/10/19, 01:12:01.701, 224420857542, QTAgent32.exe, IEDOM : StopSession of the plugin called before StartSession
W, 6988, 102, 2012/10/19, 01:12:01.701, 224420857774, QTAgent32.exe, UIA : StopSession of the plugin called before StartSession
</DebugTrace>
        <ErrorInfo>
          <Message>Test method CodedUITest.CodedUITest.CodedUITestMethod1 threw exception: 
Microsoft.VisualStudio.TestTools.UITest.Extension.UITestControlNotAvailableException: The control is not available or not valid. Additional Details: 
TechnologyName:  'MSAA'
ControlType:  'Button'
 ---&gt; Microsoft.VisualStudio.TestTools.UITest.Extension.UITestControlNotAvailableException: The control is not available or not valid. Additional Details: 
TechnologyName:  'MSAA'
ControlType:  'Window'
 ---&gt; System.Runtime.InteropServices.COMException: Error HRESULT E_FAIL has been returned from a call to a COM component.</Message>
          <StackTrace>    at Microsoft.VisualStudio.TestTools.UITest.Playback.Engine.IRPFPlayback.FindAllScreenElements(IScreenElement pScreenElementStart, String bstrQueryId, Object&amp; pvarResKeys, Int32 cResKeys, Int32 nMaxDepth, Object[]&amp; foundDescendants)
   at Microsoft.VisualStudio.TestTools.UITest.Playback.ScreenElement.FindTopLevelWindowHelper(String queryId)
   at Microsoft.VisualStudio.TestTools.UITest.Playback.ScreenElement.FindFromPartialQueryId(String queryId)
   at Microsoft.VisualStudio.TestTools.UITesting.UITestControl.EnsureValid(Boolean waitForReady, Boolean refetch)
 --- End of inner exception stack trace ---
    at Microsoft.VisualStudio.TestTools.UITesting.UITestControl.EnsureValid(Boolean waitForReady, Boolean refetch)
   at Microsoft.VisualStudio.TestTools.UITesting.UITestControl.FindFirstDescendant(String queryId, Int32 maxDepth, Int32&amp; timeLeft)
   at Microsoft.VisualStudio.TestTools.UITesting.UITestControl.FindFirstDescendant(String queryId)
   at Microsoft.VisualStudio.TestTools.UITesting.UITestControl.EnsureValid(Boolean waitForReady, Boolean refetch)
 --- End of inner exception stack trace ---
    at Microsoft.VisualStudio.TestTools.UITesting.UITestControl.EnsureValid(Boolean waitForReady, Boolean refetch)
   at Microsoft.VisualStudio.TestTools.UITesting.UITestControl.Click(MouseButtons button, ModifierKeys modifierKeys, Point relativeCoordinates)
   at Microsoft.VisualStudio.TestTools.UITesting.Mouse.ClickImplementation(UITestControl control, MouseButtons button, ModifierKeys modifierKeys, Point relativeCoordinate)
   at Microsoft.VisualStudio.TestTools.UITesting.Mouse.ClickImplementationWrapper(UITestControl control, MouseButtons button, ModifierKeys modifierKeys, Point relativeCoordinate)
   at Microsoft.VisualStudio.TestTools.UITesting.Mouse.Click(UITestControl control, Point relativeCoordinate)
   at CodedUITest.UIMap.RecordedMethod12() in C:\Users\Weston\Documents\Visual Studio 2010\Projects\PS6\CodedUITest\UIMap.Designer.cs:line 480
   at CodedUITest.CodedUITest.CodedUITestMethod1() in C:\Users\Weston\Documents\Visual Studio 2010\Projects\PS6\CodedUITest\CodedUITest.cs:line 56
</StackTrace>
        </ErrorInfo>
      </Output>
      <ResultFiles>
        <ResultFile path="THIGH-MASTER\CodedUITestMethod1.png" />
      </ResultFiles>
      <ExtensionResult>Exception has been thrown by the target of an invocation.</ExtensionResult>
    </UnitTestResult>
  </Results>
</TestRun>