<?xml version="1.0" encoding="UTF-8"?>
<TestRun id="d7ae65ac-1cae-44ab-8c87-ab0609e02303" name="Weston@THIGH-MASTER 2012-10-19 01:13:22" runUser="Thigh-Master\Weston" xmlns="http://microsoft.com/schemas/VisualStudio/TeamTest/2010">
  <TestSettings name="Local" id="5c5780c2-f12c-40a7-a531-d333c42774f3">
    <Description>These are default test settings for a local test run.</Description>
    <Deployment userDeploymentRoot="C:\Users\Weston\Documents\Visual Studio 2010\Projects\PS6\TestResults" useDefaultDeploymentRoot="false" runDeploymentRoot="Weston_THIGH-MASTER 2012-10-19 01_13_22" />
    <Execution>
      <TestTypeSpecific>
        <UnitTestRunConfig testTypeId="13cdc9d9-ddb5-4fa4-a97d-d965ccfc6d4b">
          <AssemblyResolution>
            <TestDirectory useLoadContext="true" />
          </AssemblyResolution>
        </UnitTestRunConfig>
        <WebTestRunConfiguration testTypeId="4e7599fa-5ecb-43e9-a887-cd63cf72d207">
          <Browser name="Internet Explorer 7.0">
            <Headers>
              <Header name="User-Agent" value="Mozilla/4.0 (compatible; MSIE 7.0; Windows NT 5.1)" />
              <Header name="Accept" value="*/*" />
              <Header name="Accept-Language" value="{{$IEAcceptLanguage}}" />
              <Header name="Accept-Encoding" value="GZIP" />
            </Headers>
          </Browser>
        </WebTestRunConfiguration>
      </TestTypeSpecific>
      <AgentRule name="LocalMachineDefaultRole">
      </AgentRule>
    </Execution>
  </TestSettings>
  <Times creation="2012-10-19T01:13:22.9042493-06:00" queuing="2012-10-19T01:13:22.9582524-06:00" start="2012-10-19T01:13:22.9732533-06:00" finish="2012-10-19T01:14:58.4807160-06:00" />
  <ResultSummary outcome="Aborted">
    <Counters total="1" executed="1" error="0" failed="0" timeout="0" aborted="1" inconclusive="0" passedButRunAborted="0" notRunnable="0" notExecuted="0" disconnected="0" warning="0" passed="0" completed="0" inProgress="0" pending="0" />
  </ResultSummary>
  <TestDefinitions>
    <UnitTest name="CodedUITestMethod1" storage="c:\users\weston\documents\visual studio 2010\projects\ps6\codeduitest\bin\debug\codeduitest.dll" id="152faad7-080b-7cab-1f47-a8577e18926c">
      <Execution id="3f67b7d5-7c76-4132-b2ca-38abf8cf257d" />
      <TestMethod codeBase="C:/Users/Weston/Documents/Visual Studio 2010/Projects/PS6/CodedUITest/bin/Debug/CodedUITest.DLL" adapterTypeName="Microsoft.VisualStudio.TestTools.TestTypes.Unit.UnitTestAdapter, Microsoft.VisualStudio.QualityTools.Tips.UnitTest.Adapter, Version=10.0.0.0, Culture=neutral, PublicKeyToken=b03f5f7f11d50a3a" className="CodedUITest.CodedUITest, CodedUITest, Version=1.0.0.0, Culture=neutral, PublicKeyToken=null" name="CodedUITestMethod1" />
      <Extension>Microsoft.VisualStudio.TestTools.UITesting.CodedUITestAttribute, Microsoft.VisualStudio.QualityTools.CodedUITestFramework, Version=10.0.0.0, Culture=neutral, PublicKeyToken=b03f5f7f11d50a3a</Extension>
    </UnitTest>
  </TestDefinitions>
  <TestLists>
    <TestList name="Results Not in a List" id="8c84fa94-04c1-424b-9868-57a2d4851a1d" />
    <TestList name="All Loaded Results" id="19431567-8539-422a-85d7-44ee4e166bda" />
  </TestLists>
  <TestEntries>
    <TestEntry testId="152faad7-080b-7cab-1f47-a8577e18926c" executionId="3f67b7d5-7c76-4132-b2ca-38abf8cf257d" testListId="8c84fa94-04c1-424b-9868-57a2d4851a1d" />
  </TestEntries>
  <Results>
    <UnitTestResult executionId="3f67b7d5-7c76-4132-b2ca-38abf8cf257d" testId="152faad7-080b-7cab-1f47-a8577e18926c" testName="CodedUITestMethod1" computerName="THIGH-MASTER" duration="00:01:19.3225370" startTime="2012-10-19T01:13:22.9752534-06:00" endTime="2012-10-19T01:14:42.2977904-06:00" testType="13cdc9d9-ddb5-4fa4-a97d-d965ccfc6d4b" outcome="Aborted" testListId="8c84fa94-04c1-424b-9868-57a2d4851a1d" relativeResultsDirectory="3f67b7d5-7c76-4132-b2ca-38abf8cf257d">
      <Output>
        <DebugTrace>E, 6988, 32, 2012/10/19, 01:13:24.188, 224621589883, QTAgent32.exe, LoadLibrary() : Unable to find the resource 37382 from assembly C:\Windows\system32\en-US\ieframe.dll.mui: Error1814
E, 6988, 32, 2012/10/19, 01:13:24.189, 224621592431, QTAgent32.exe, LoadLibrary() : Unable to find the resource 41728 from assembly C:\Windows\system32\en-US\ieframe.dll.mui: Error1814
E, 6988, 32, 2012/10/19, 01:13:24.189, 224621592732, QTAgent32.exe, LoadLibrary() : Unable to find the resource 8131 from assembly C:\Windows\system32\en-US\ieframe.dll.mui: Error1814
E, 6988, 32, 2012/10/19, 01:13:24.189, 224621593012, QTAgent32.exe, LoadLibrary() : Unable to find the resource 8131 from assembly C:\Windows\system32\en-US\ieframe.dll.mui: Error1814
E, 6988, 32, 2012/10/19, 01:13:24.189, 224621593472, QTAgent32.exe, LoadLibrary() : Unable to find the resource 8131 from assembly C:\Windows\system32\en-US\ieframe.dll.mui: Error1814
E, 6988, 32, 2012/10/19, 01:13:24.190, 224621594062, QTAgent32.exe, LoadLibrary() : Unable to find the resource 803 from assembly C:\Windows\system32\en-US\user32.dll.mui: Error1814
W, 6988, 32, 2012/10/19, 01:13:24.468, 224622272734, QTAgent32.exe, &lt;a class=success&gt;Playback - {1} [SUCCESS] SetValueAsEditBox "2" - "[MSAA, VisibleOnly]ControlType='Edit'"  &lt; Set via SendKeys &gt;
\0&lt;/a&gt;
W, 6988, 32, 2012/10/19, 01:13:24.709, 224622858080, QTAgent32.exe, &lt;a class=success&gt;Playback - {2} [SUCCESS] SendKeys "{Enter}" - "[MSAA, VisibleOnly]ControlType='Edit'"
\0&lt;/a&gt;
W, 6988, 32, 2012/10/19, 01:13:25.057, 224623705209, QTAgent32.exe, &lt;a class=success&gt;Playback - {3} [SUCCESS] MouseButtonClick - "[MSAA, VisibleOnly]ControlType='Client'"
\0&lt;/a&gt;
W, 6988, 32, 2012/10/19, 01:13:25.614, 224625059478, QTAgent32.exe, &lt;a class=success&gt;Playback - {4} [SUCCESS] SetValueAsEditBox "string yes" - "[MSAA, VisibleOnly]ControlType='Edit'"  &lt; Set via SendKeys &gt;
\0&lt;/a&gt;
W, 6988, 32, 2012/10/19, 01:13:25.854, 224625644519, QTAgent32.exe, &lt;a class=success&gt;Playback - {5} [SUCCESS] SendKeys "{Enter}" - "[MSAA, VisibleOnly]ControlType='Edit'"
\0&lt;/a&gt;
W, 6988, 32, 2012/10/19, 01:13:26.090, 224626218842, QTAgent32.exe, &lt;a class=success&gt;Playback - {6} [SUCCESS] MouseButtonClick - "[MSAA, VisibleOnly]ControlType='Client'"
\0&lt;/a&gt;
W, 6988, 32, 2012/10/19, 01:13:26.529, 224627286371, QTAgent32.exe, &lt;a class=success&gt;Playback - {7} [SUCCESS] SetValueAsEditBox "=3+4" - "[MSAA, VisibleOnly]ControlType='Edit'"  &lt; Set via SendKeys &gt;
\0&lt;/a&gt;
W, 6988, 32, 2012/10/19, 01:13:26.771, 224627876202, QTAgent32.exe, &lt;a class=success&gt;Playback - {8} [SUCCESS] SendKeys "{Enter}" - "[MSAA, VisibleOnly]ControlType='Edit'"
\0&lt;/a&gt;
W, 6988, 32, 2012/10/19, 01:13:27.007, 224628451733, QTAgent32.exe, &lt;a class=success&gt;Playback - {9} [SUCCESS] MouseButtonClick - "[MSAA, VisibleOnly]ControlType='Client'"
\0&lt;/a&gt;
W, 6988, 32, 2012/10/19, 01:13:27.428, 224629474320, QTAgent32.exe, &lt;a class=success&gt;Playback - {10} [SUCCESS] SetValueAsEditBox "=a1" - "[MSAA, VisibleOnly]ControlType='Edit'"  &lt; Set via SendKeys &gt;
\0&lt;/a&gt;
W, 6988, 32, 2012/10/19, 01:13:27.677, 224630081501, QTAgent32.exe, &lt;a class=success&gt;Playback - {11} [SUCCESS] SendKeys "{Enter}" - "[MSAA, VisibleOnly]ControlType='Edit'"
\0&lt;/a&gt;
W, 6988, 32, 2012/10/19, 01:13:29.309, 224634052982, QTAgent32.exe, Playback - [WARNING] Internal warning: Target element "[MSAA]ControlType='MenuItem' &amp;&amp; Name='Help'" was not found, so all intermediate elements were ignored. An incorrect element that matches target element Id can be found as the result.  Verify that all intermediate elements in QueryId have valid and unique Ids
\0
W, 6988, 32, 2012/10/19, 01:13:29.856, 224635383878, QTAgent32.exe, Playback - [WARNING] Internal warning: 2 UI elements have the same ElementIds.  Use "Instance = 'n'" to avoid this warning for: [MSAA, VisibleOnly]ControlType='MenuBar'
\0
W, 6988, 32, 2012/10/19, 01:13:29.891, 224635470507, QTAgent32.exe, PERF WARNING: FindAllDescendents: took 2099 ms. Expected it to take maximum 500 ms.
W, 6988, 32, 2012/10/19, 01:13:30.036, 224635822817, QTAgent32.exe, &lt;a class=success&gt;Playback - {12} [SUCCESS] MouseButtonClick - "[MSAA]ControlType='MenuItem' &amp;&amp; Name='Help'"
\0&lt;/a&gt;
W, 6988, 32, 2012/10/19, 01:13:30.291, 224636443108, QTAgent32.exe, &lt;a class=success&gt;Playback - {13} [SUCCESS] MouseButtonClick - "[MSAA, VisibleOnly]ControlType='Button' &amp;&amp; Name='OK'"
\0&lt;/a&gt;
W, 6988, 32, 2012/10/19, 01:13:30.395, 224636696078, QTAgent32.exe, FindScreenElementInSinglePass : Attempting to find control in one pass of search. Failures can occur.
W, 6988, 32, 2012/10/19, 01:13:31.413, 224639172387, QTAgent32.exe, Playback - [WARNING] Internal warning:Search failure: [MSAA, VisibleOnly]ControlType='MenuBar' | [MSAA]ControlType='MenuItem' &amp;&amp; Name='File' | Performed (2) search retries, UI element not found
\0
E, 6988, 32, 2012/10/19, 01:13:31.413, 224639172919, QTAgent32.exe, &lt;a class=failure&gt;Playback - {14} [FAILED] Function ElementFetcher::FindScreenElement failed to locate UI element (Searching: ;[MSAA, VisibleOnly]ControlType='MenuBar';[MSAA]ControlType='MenuItem' &amp;&amp; Name='File';[MSAA]ControlType='MenuItem' &amp;&amp; Name='New') (The object specified was not found.)
\0&lt;/a&gt;
E, 6988, 32, 2012/10/19, 01:13:31.514, 224639418446, QTAgent32.exe, Playback - [IMAGE] C:\Users\Weston\AppData\Local\Temp\UITestLogs\LastRun\RPF82EA.png
\0
W, 6988, 32, 2012/10/19, 01:13:31.514, 224639418945, QTAgent32.exe, Playback - [WARNING] Internal warning: Couldn't find descendants that match QueryId
\0
W, 6988, 32, 2012/10/19, 01:13:31.514, 224639419539, QTAgent32.exe, PERF WARNING: FindAllDescendents: took 1113 ms. Expected it to take maximum 500 ms.
W, 6988, 32, 2012/10/19, 01:13:31.514, 224639419946, QTAgent32.exe, FindScreenElementInSinglePass : Attempting to find control in one pass of search. Failures can occur.
W, 6988, 32, 2012/10/19, 01:13:31.523, 224639441466, QTAgent32.exe, FindScreenElementInSinglePass : Attempting to find control in one pass of search. Failures can occur.
W, 6988, 32, 2012/10/19, 01:13:32.036, 224640689072, QTAgent32.exe, Playback - [WARNING] Internal warning: Target element "[MSAA]ControlType='MenuItem' &amp;&amp; Name='File'" was not found, so all intermediate elements were ignored. An incorrect element that matches target element Id can be found as the result.  Verify that all intermediate elements in QueryId have valid and unique Ids
\0
W, 6988, 32, 2012/10/19, 01:13:33.546, 224644364161, QTAgent32.exe, Playback - [WARNING] Internal warning:Search failure: [MSAA]ControlType='MenuItem' &amp;&amp; Name='File' | Performed (2) search retries, UI element not found
\0
E, 6988, 32, 2012/10/19, 01:13:33.546, 224644364567, QTAgent32.exe, &lt;a class=failure&gt;Playback - {15} [FAILED] Function ElementFetcher::FindScreenElement failed to locate UI element (Searching: ;[MSAA]ControlType='MenuItem' &amp;&amp; Name='File') (The object specified was not found.)
\0&lt;/a&gt;
E, 6988, 32, 2012/10/19, 01:13:33.657, 224644634825, QTAgent32.exe, Playback - [IMAGE] C:\Users\Weston\AppData\Local\Temp\UITestLogs\LastRun\RPF8B44.png
\0
W, 6988, 32, 2012/10/19, 01:13:33.657, 224644635239, QTAgent32.exe, Playback - [WARNING] Internal warning: Couldn't find descendants that match QueryId
\0
W, 6988, 32, 2012/10/19, 01:13:33.658, 224644635772, QTAgent32.exe, PERF WARNING: FindAllDescendents: took 2129 ms. Expected it to take maximum 500 ms.
W, 6988, 32, 2012/10/19, 01:13:35.181, 224648342718, QTAgent32.exe, Playback - [WARNING] Internal warning: Target element "[MSAA]ControlType='MenuItem' &amp;&amp; Name='File'" was not found, so all intermediate elements were ignored. An incorrect element that matches target element Id can be found as the result.  Verify that all intermediate elements in QueryId have valid and unique Ids
\0
W, 6988, 32, 2012/10/19, 01:13:35.723, 224649662463, QTAgent32.exe, Playback - [WARNING] Internal warning: 2 UI elements have the same ElementIds.  Use "Instance = 'n'" to avoid this warning for: [MSAA, VisibleOnly]ControlType='MenuBar'
\0
W, 6988, 32, 2012/10/19, 01:13:35.758, 224649747959, QTAgent32.exe, PERF WARNING: FindAllDescendents: took 2095 ms. Expected it to take maximum 500 ms.
W, 6988, 32, 2012/10/19, 01:13:35.897, 224650086283, QTAgent32.exe, &lt;a class=success&gt;Playback - {16} [SUCCESS] LeftButtonClick  &lt; Mouse cursor location (160, 193) &gt;
\0&lt;/a&gt;
W, 6988, 32, 2012/10/19, 01:13:36.009, 224650358471, QTAgent32.exe, &lt;a class=success&gt;Playback - {17} [SUCCESS] LeftButtonClick - "[MSAA]ControlType='MenuItem' &amp;&amp; Name='File'"  &lt; Mouse cursor location (182, 193) &gt;
\0&lt;/a&gt;
W, 6988, 32, 2012/10/19, 01:13:36.199, 224650817925, QTAgent32.exe, &lt;a class=success&gt;Playback - {18} [SUCCESS] MouseButtonClick - "[MSAA]ControlType='MenuItem' &amp;&amp; Name='New'"
\0&lt;/a&gt;
W, 6988, 32, 2012/10/19, 01:13:36.310, 224651088608, QTAgent32.exe, FindNTopWindows : Search will be continued for 12000 even on failure
W, 6988, 32, 2012/10/19, 01:13:36.376, 224651250025, QTAgent32.exe, FindScreenElementInSinglePass : Attempting to find control in one pass of search. Failures can occur.
W, 6988, 32, 2012/10/19, 01:13:37.396, 224653730507, QTAgent32.exe, Playback - [WARNING] Internal warning:Search failure: [MSAA, VisibleOnly]ControlType='MenuBar' | [MSAA]ControlType='MenuItem' &amp;&amp; Name='File' | Performed (2) search retries, UI element not found
\0
E, 6988, 32, 2012/10/19, 01:13:37.396, 224653731028, QTAgent32.exe, &lt;a class=failure&gt;Playback - {19} [FAILED] Function ElementFetcher::FindScreenElement failed to locate UI element (Searching: ;[MSAA, VisibleOnly]ControlType='MenuBar';[MSAA]ControlType='MenuItem' &amp;&amp; Name='File';[MSAA]ControlType='MenuItem' &amp;&amp; Name='Close') (The object specified was not found.)
\0&lt;/a&gt;
E, 6988, 32, 2012/10/19, 01:13:37.493, 224653966661, QTAgent32.exe, Playback - [IMAGE] C:\Users\Weston\AppData\Local\Temp\UITestLogs\LastRun\RPF9A52.png
\0
W, 6988, 32, 2012/10/19, 01:13:37.493, 224653967110, QTAgent32.exe, Playback - [WARNING] Internal warning: Couldn't find descendants that match QueryId
\0
W, 6988, 32, 2012/10/19, 01:13:37.493, 224653967629, QTAgent32.exe, PERF WARNING: FindAllDescendents: took 1111 ms. Expected it to take maximum 500 ms.
W, 6988, 32, 2012/10/19, 01:13:37.493, 224653967976, QTAgent32.exe, FindScreenElementInSinglePass : Attempting to find control in one pass of search. Failures can occur.
W, 6988, 32, 2012/10/19, 01:13:37.502, 224653989872, QTAgent32.exe, FindScreenElementInSinglePass : Attempting to find control in one pass of search. Failures can occur.
W, 6988, 32, 2012/10/19, 01:13:38.015, 224655237609, QTAgent32.exe, Playback - [WARNING] Internal warning: Target element "[MSAA]ControlType='MenuItem' &amp;&amp; Name='File'" was not found, so all intermediate elements were ignored. An incorrect element that matches target element Id can be found as the result.  Verify that all intermediate elements in QueryId have valid and unique Ids
\0
W, 6988, 32, 2012/10/19, 01:13:39.525, 224658912209, QTAgent32.exe, Playback - [WARNING] Internal warning:Search failure: [MSAA]ControlType='MenuItem' &amp;&amp; Name='File' | Performed (2) search retries, UI element not found
\0
E, 6988, 32, 2012/10/19, 01:13:39.525, 224658912607, QTAgent32.exe, &lt;a class=failure&gt;Playback - {20} [FAILED] Function ElementFetcher::FindScreenElement failed to locate UI element (Searching: ;[MSAA]ControlType='MenuItem' &amp;&amp; Name='File') (The object specified was not found.)
\0&lt;/a&gt;
E, 6988, 32, 2012/10/19, 01:13:39.620, 224659144351, QTAgent32.exe, Playback - [IMAGE] C:\Users\Weston\AppData\Local\Temp\UITestLogs\LastRun\RPFA29D.png
\0
W, 6988, 32, 2012/10/19, 01:13:39.620, 224659144773, QTAgent32.exe, Playback - [WARNING] Internal warning: Couldn't find descendants that match QueryId
\0
W, 6988, 32, 2012/10/19, 01:13:39.621, 224659145249, QTAgent32.exe, PERF WARNING: FindAllDescendents: took 2113 ms. Expected it to take maximum 500 ms.
W, 6988, 32, 2012/10/19, 01:13:41.144, 224662852002, QTAgent32.exe, Playback - [WARNING] Internal warning: Target element "[MSAA]ControlType='MenuItem' &amp;&amp; Name='File'" was not found, so all intermediate elements were ignored. An incorrect element that matches target element Id can be found as the result.  Verify that all intermediate elements in QueryId have valid and unique Ids
\0
W, 6988, 32, 2012/10/19, 01:13:41.687, 224664174983, QTAgent32.exe, Playback - [WARNING] Internal warning: 2 UI elements have the same ElementIds.  Use "Instance = 'n'" to avoid this warning for: [MSAA, VisibleOnly]ControlType='MenuBar'
\0
W, 6988, 32, 2012/10/19, 01:13:41.723, 224664260761, QTAgent32.exe, PERF WARNING: FindAllDescendents: took 2096 ms. Expected it to take maximum 500 ms.
W, 6988, 32, 2012/10/19, 01:13:41.854, 224664581454, QTAgent32.exe, &lt;a class=success&gt;Playback - {21} [SUCCESS] LeftButtonClick  &lt; Mouse cursor location (185, 218) &gt;
\0&lt;/a&gt;
W, 6988, 32, 2012/10/19, 01:13:41.968, 224664858303, QTAgent32.exe, &lt;a class=success&gt;Playback - {22} [SUCCESS] LeftButtonClick - "[MSAA]ControlType='MenuItem' &amp;&amp; Name='File'"  &lt; Mouse cursor location (207, 218) &gt;
\0&lt;/a&gt;
W, 6988, 32, 2012/10/19, 01:13:42.160, 224665324930, QTAgent32.exe, &lt;a class=success&gt;Playback - {23} [SUCCESS] MouseButtonClick - "[MSAA]ControlType='MenuItem' &amp;&amp; Name='Close'"
\0&lt;/a&gt;
W, 6988, 32, 2012/10/19, 01:13:42.262, 224665574135, QTAgent32.exe, FindScreenElementInSinglePass : Attempting to find control in one pass of search. Failures can occur.
W, 6988, 32, 2012/10/19, 01:13:43.283, 224668057352, QTAgent32.exe, Playback - [WARNING] Internal warning:Search failure: [MSAA, VisibleOnly]ControlType='MenuBar' | [MSAA]ControlType='MenuItem' &amp;&amp; Name='File' | Performed (2) search retries, UI element not found
\0
E, 6988, 32, 2012/10/19, 01:13:43.283, 224668057907, QTAgent32.exe, &lt;a class=failure&gt;Playback - {24} [FAILED] Function ElementFetcher::FindScreenElement failed to locate UI element (Searching: ;[MSAA, VisibleOnly]ControlType='MenuBar';[MSAA]ControlType='MenuItem' &amp;&amp; Name='File';[MSAA]ControlType='MenuItem' &amp;&amp; Name='Close') (The object specified was not found.)
\0&lt;/a&gt;
E, 6988, 32, 2012/10/19, 01:13:43.382, 224668297985, QTAgent32.exe, Playback - [IMAGE] C:\Users\Weston\AppData\Local\Temp\UITestLogs\LastRun\RPFB14E.png
\0
W, 6988, 32, 2012/10/19, 01:13:43.382, 224668298414, QTAgent32.exe, Playback - [WARNING] Internal warning: Couldn't find descendants that match QueryId
\0
W, 6988, 32, 2012/10/19, 01:13:43.382, 224668298938, QTAgent32.exe, PERF WARNING: FindAllDescendents: took 1112 ms. Expected it to take maximum 500 ms.
W, 6988, 32, 2012/10/19, 01:13:43.382, 224668299271, QTAgent32.exe, FindScreenElementInSinglePass : Attempting to find control in one pass of search. Failures can occur.
W, 6988, 32, 2012/10/19, 01:13:43.391, 224668321306, QTAgent32.exe, FindScreenElementInSinglePass : Attempting to find control in one pass of search. Failures can occur.
W, 6988, 32, 2012/10/19, 01:13:43.904, 224669568997, QTAgent32.exe, Playback - [WARNING] Internal warning: Target element "[MSAA]ControlType='MenuItem' &amp;&amp; Name='File'" was not found, so all intermediate elements were ignored. An incorrect element that matches target element Id can be found as the result.  Verify that all intermediate elements in QueryId have valid and unique Ids
\0
W, 6988, 32, 2012/10/19, 01:13:45.414, 224673244422, QTAgent32.exe, Playback - [WARNING] Internal warning:Search failure: [MSAA]ControlType='MenuItem' &amp;&amp; Name='File' | Performed (2) search retries, UI element not found
\0
E, 6988, 32, 2012/10/19, 01:13:45.414, 224673244840, QTAgent32.exe, &lt;a class=failure&gt;Playback - {25} [FAILED] Function ElementFetcher::FindScreenElement failed to locate UI element (Searching: ;[MSAA]ControlType='MenuItem' &amp;&amp; Name='File') (The object specified was not found.)
\0&lt;/a&gt;
E, 6988, 32, 2012/10/19, 01:13:45.510, 224673479019, QTAgent32.exe, Playback - [IMAGE] C:\Users\Weston\AppData\Local\Temp\UITestLogs\LastRun\RPFB9A8.png
\0
W, 6988, 32, 2012/10/19, 01:13:45.511, 224673479452, QTAgent32.exe, Playback - [WARNING] Internal warning: Couldn't find descendants that match QueryId
\0
W, 6988, 32, 2012/10/19, 01:13:45.511, 224673479941, QTAgent32.exe, PERF WARNING: FindAllDescendents: took 2115 ms. Expected it to take maximum 500 ms.
W, 6988, 32, 2012/10/19, 01:13:47.034, 224677186403, QTAgent32.exe, Playback - [WARNING] Internal warning: Target element "[MSAA]ControlType='MenuItem' &amp;&amp; Name='File'" was not found, so all intermediate elements were ignored. An incorrect element that matches target element Id can be found as the result.  Verify that all intermediate elements in QueryId have valid and unique Ids
\0
W, 6988, 32, 2012/10/19, 01:13:47.576, 224678505421, QTAgent32.exe, Playback - [WARNING] Internal warning: 2 UI elements have the same ElementIds.  Use "Instance = 'n'" to avoid this warning for: [MSAA, VisibleOnly]ControlType='MenuBar'
\0
W, 6988, 32, 2012/10/19, 01:13:47.611, 224678590943, QTAgent32.exe, PERF WARNING: FindAllDescendents: took 2094 ms. Expected it to take maximum 500 ms.
W, 6988, 32, 2012/10/19, 01:13:47.746, 224678920018, QTAgent32.exe, &lt;a class=success&gt;Playback - {26} [SUCCESS] LeftButtonClick  &lt; Mouse cursor location (160, 193) &gt;
\0&lt;/a&gt;
W, 6988, 32, 2012/10/19, 01:13:47.859, 224679194888, QTAgent32.exe, &lt;a class=success&gt;Playback - {27} [SUCCESS] LeftButtonClick - "[MSAA]ControlType='MenuItem' &amp;&amp; Name='File'"  &lt; Mouse cursor location (182, 193) &gt;
\0&lt;/a&gt;
W, 6988, 32, 2012/10/19, 01:13:48.047, 224679651557, QTAgent32.exe, &lt;a class=success&gt;Playback - {28} [SUCCESS] MouseButtonClick - "[MSAA]ControlType='MenuItem' &amp;&amp; Name='Close'"
\0&lt;/a&gt;
W, 6988, 32, 2012/10/19, 01:13:48.281, 224680221821, QTAgent32.exe, &lt;a class=success&gt;Playback - {29} [SUCCESS] MouseButtonClick - "[MSAA, VisibleOnly]ControlType='Button' &amp;&amp; Name='No'"
\0&lt;/a&gt;
W, 6988, 32, 2012/10/19, 01:13:49.919, 224684207600, QTAgent32.exe, Playback - [WARNING] Internal warning: Target element "[MSAA]ControlType='MenuItem' &amp;&amp; Name='File'" was not found, so all intermediate elements were ignored. An incorrect element that matches target element Id can be found as the result.  Verify that all intermediate elements in QueryId have valid and unique Ids
\0
W, 6988, 32, 2012/10/19, 01:13:50.461, 224685527642, QTAgent32.exe, Playback - [WARNING] Internal warning: 2 UI elements have the same ElementIds.  Use "Instance = 'n'" to avoid this warning for: [MSAA, VisibleOnly]ControlType='MenuBar'
\0
W, 6988, 32, 2012/10/19, 01:13:50.500, 224685620756, QTAgent32.exe, PERF WARNING: FindAllDescendents: took 2098 ms. Expected it to take maximum 500 ms.
W, 6988, 32, 2012/10/19, 01:13:50.630, 224685938251, QTAgent32.exe, &lt;a class=success&gt;Playback - {30} [SUCCESS] MouseButtonClick - "[MSAA]ControlType='MenuItem' &amp;&amp; Name='File'"
\0&lt;/a&gt;
W, 6988, 32, 2012/10/19, 01:13:50.736, 224686196134, QTAgent32.exe, FindScreenElementInSinglePass : Attempting to find control in one pass of search. Failures can occur.
W, 6988, 32, 2012/10/19, 01:13:51.752, 224688667828, QTAgent32.exe, Playback - [WARNING] Internal warning:Search failure: [MSAA, VisibleOnly]ControlType='MenuBar' | [MSAA]ControlType='MenuItem' &amp;&amp; Name='File' | Performed (2) search retries, UI element not found
\0
E, 6988, 32, 2012/10/19, 01:13:51.752, 224688668331, QTAgent32.exe, &lt;a class=failure&gt;Playback - {31} [FAILED] Function ElementFetcher::FindScreenElement failed to locate UI element (Searching: ;[MSAA, VisibleOnly]ControlType='MenuBar';[MSAA]ControlType='MenuItem' &amp;&amp; Name='File';[MSAA]ControlType='MenuItem' &amp;&amp; Name='Open') (The object specified was not found.)
\0&lt;/a&gt;
E, 6988, 32, 2012/10/19, 01:13:51.855, 224688920261, QTAgent32.exe, Playback - [IMAGE] C:\Users\Weston\AppData\Local\Temp\UITestLogs\LastRun\RPFD266.png
\0
W, 6988, 32, 2012/10/19, 01:13:51.856, 224688920679, QTAgent32.exe, Playback - [WARNING] Internal warning: Couldn't find descendants that match QueryId
\0
W, 6988, 32, 2012/10/19, 01:13:51.856, 224688921185, QTAgent32.exe, PERF WARNING: FindAllDescendents: took 1115 ms. Expected it to take maximum 500 ms.
W, 6988, 32, 2012/10/19, 01:13:51.856, 224688921524, QTAgent32.exe, FindScreenElementInSinglePass : Attempting to find control in one pass of search. Failures can occur.
W, 6988, 32, 2012/10/19, 01:13:51.866, 224688945047, QTAgent32.exe, FindScreenElementInSinglePass : Attempting to find control in one pass of search. Failures can occur.
W, 6988, 32, 2012/10/19, 01:13:52.379, 224690194194, QTAgent32.exe, Playback - [WARNING] Internal warning: Target element "[MSAA]ControlType='MenuItem' &amp;&amp; Name='File'" was not found, so all intermediate elements were ignored. An incorrect element that matches target element Id can be found as the result.  Verify that all intermediate elements in QueryId have valid and unique Ids
\0
W, 6988, 32, 2012/10/19, 01:13:53.890, 224693869421, QTAgent32.exe, Playback - [WARNING] Internal warning:Search failure: [MSAA]ControlType='MenuItem' &amp;&amp; Name='File' | Performed (2) search retries, UI element not found
\0
E, 6988, 32, 2012/10/19, 01:13:53.890, 224693869837, QTAgent32.exe, &lt;a class=failure&gt;Playback - {32} [FAILED] Function ElementFetcher::FindScreenElement failed to locate UI element (Searching: ;[MSAA]ControlType='MenuItem' &amp;&amp; Name='File') (The object specified was not found.)
\0&lt;/a&gt;
E, 6988, 32, 2012/10/19, 01:13:53.987, 224694105924, QTAgent32.exe, Playback - [IMAGE] C:\Users\Weston\AppData\Local\Temp\UITestLogs\LastRun\RPFDAC1.png
\0
W, 6988, 32, 2012/10/19, 01:13:53.987, 224694106392, QTAgent32.exe, Playback - [WARNING] Internal warning: Couldn't find descendants that match QueryId
\0
W, 6988, 32, 2012/10/19, 01:13:53.988, 224694106911, QTAgent32.exe, PERF WARNING: FindAllDescendents: took 2116 ms. Expected it to take maximum 500 ms.
W, 6988, 32, 2012/10/19, 01:13:55.511, 224697814265, QTAgent32.exe, Playback - [WARNING] Internal warning: Target element "[MSAA]ControlType='MenuItem' &amp;&amp; Name='File'" was not found, so all intermediate elements were ignored. An incorrect element that matches target element Id can be found as the result.  Verify that all intermediate elements in QueryId have valid and unique Ids
\0
W, 6988, 32, 2012/10/19, 01:13:56.054, 224699136415, QTAgent32.exe, Playback - [WARNING] Internal warning: 2 UI elements have the same ElementIds.  Use "Instance = 'n'" to avoid this warning for: [MSAA, VisibleOnly]ControlType='MenuBar'
\0
W, 6988, 32, 2012/10/19, 01:13:56.089, 224699221096, QTAgent32.exe, PERF WARNING: FindAllDescendents: took 2096 ms. Expected it to take maximum 500 ms.
W, 6988, 32, 2012/10/19, 01:13:56.220, 224699539670, QTAgent32.exe, &lt;a class=success&gt;Playback - {33} [SUCCESS] LeftButtonClick  &lt; Mouse cursor location (160, 193) &gt;
\0&lt;/a&gt;
W, 6988, 32, 2012/10/19, 01:13:56.332, 224699812312, QTAgent32.exe, &lt;a class=success&gt;Playback - {34} [SUCCESS] LeftButtonClick - "[MSAA]ControlType='MenuItem' &amp;&amp; Name='File'"  &lt; Mouse cursor location (182, 193) &gt;
\0&lt;/a&gt;
W, 6988, 32, 2012/10/19, 01:13:56.516, 224700260105, QTAgent32.exe, &lt;a class=success&gt;Playback - {35} [SUCCESS] MouseButtonClick - "[MSAA]ControlType='MenuItem' &amp;&amp; Name='Open'"
\0&lt;/a&gt;
E, 6988, 32, 2012/10/19, 01:13:56.905, 224701207594, QTAgent32.exe, Exception: System.ArgumentException
	Message: Value does not fall within the expected range.
	Stack Trace:    at Accessibility.IAccessible.get_accRole(Object varChild)
   at Microsoft.VisualStudio.TestTools.UITest.Extension.Msaa.AccWrapper.get_RoleInt()
	BaseExceptionMessage: Value does not fall within the expected range.

E, 6988, 32, 2012/10/19, 01:13:56.912, 224701222713, QTAgent32.exe, Exception: System.ArgumentException
	Message: Value does not fall within the expected range.
	Stack Trace:    at Accessibility.IAccessible.get_accRole(Object varChild)
   at Microsoft.VisualStudio.TestTools.UITest.Extension.Msaa.AccWrapper.get_RoleInt()
	BaseExceptionMessage: Value does not fall within the expected range.

W, 6988, 32, 2012/10/19, 01:13:57.309, 224702189609, QTAgent32.exe, &lt;a class=success&gt;Playback - {36} [SUCCESS] LeftButtonClick  &lt; Mouse cursor location (364, 595) &gt;
\0&lt;/a&gt;
W, 6988, 32, 2012/10/19, 01:13:57.803, 224703391206, QTAgent32.exe, &lt;a class=success&gt;Playback - {37} [SUCCESS] SetValueAsEditBox "test.ss"  &lt; Set via SendKeys &gt;
\0&lt;/a&gt;
W, 6988, 32, 2012/10/19, 01:13:57.803, 224703391523, QTAgent32.exe, &lt;a class=success&gt;Playback - {38} [SUCCESS] SetValueAsComboBox "test.ss" - "[MSAA, VisibleOnly]ControlType='ComboBox' &amp;&amp; Name='File name:'"  &lt; Set via SetValueAsEditBox &gt;
\0&lt;/a&gt;
W, 6988, 32, 2012/10/19, 01:13:58.092, 224704096241, QTAgent32.exe, &lt;a class=success&gt;Playback - {39} [SUCCESS] MouseButtonClick - "[MSAA, VisibleOnly]ControlType='SplitButton' &amp;&amp; Name='Open'"
\0&lt;/a&gt;
W, 6988, 32, 2012/10/19, 01:13:58.193, 224704341137, QTAgent32.exe, FindNTopWindows : Search will be continued for 12000 even on failure
W, 6988, 32, 2012/10/19, 01:13:58.474, 224705026530, QTAgent32.exe, &lt;a class=success&gt;Playback - {40} [SUCCESS] MouseButtonClick - "[MSAA, VisibleOnly]ControlType='Client'"
\0&lt;/a&gt;
W, 6988, 32, 2012/10/19, 01:13:58.582, 224705287802, QTAgent32.exe, FindScreenElementInSinglePass : Attempting to find control in one pass of search. Failures can occur.
W, 6988, 32, 2012/10/19, 01:13:59.599, 224707762231, QTAgent32.exe, Playback - [WARNING] Internal warning:Search failure: [MSAA, VisibleOnly]ControlType='MenuBar' | [MSAA]ControlType='MenuItem' &amp;&amp; Name='File' | Performed (2) search retries, UI element not found
\0
E, 6988, 32, 2012/10/19, 01:13:59.599, 224707762751, QTAgent32.exe, &lt;a class=failure&gt;Playback - {41} [FAILED] Function ElementFetcher::FindScreenElement failed to locate UI element (Searching: ;[MSAA, VisibleOnly]ControlType='MenuBar';[MSAA]ControlType='MenuItem' &amp;&amp; Name='File';[MSAA]ControlType='MenuItem' &amp;&amp; Name='Save') (The object specified was not found.)
\0&lt;/a&gt;
E, 6988, 32, 2012/10/19, 01:13:59.699, 224708005268, QTAgent32.exe, Playback - [IMAGE] C:\Users\Weston\AppData\Local\Temp\UITestLogs\LastRun\RPFF10F.png
\0
W, 6988, 32, 2012/10/19, 01:13:59.699, 224708005706, QTAgent32.exe, Playback - [WARNING] Internal warning: Couldn't find descendants that match QueryId
\0
W, 6988, 32, 2012/10/19, 01:13:59.699, 224708006201, QTAgent32.exe, PERF WARNING: FindAllDescendents: took 1111 ms. Expected it to take maximum 500 ms.
W, 6988, 32, 2012/10/19, 01:13:59.699, 224708006527, QTAgent32.exe, FindScreenElementInSinglePass : Attempting to find control in one pass of search. Failures can occur.
W, 6988, 32, 2012/10/19, 01:13:59.708, 224708028250, QTAgent32.exe, FindScreenElementInSinglePass : Attempting to find control in one pass of search. Failures can occur.
W, 6988, 32, 2012/10/19, 01:14:00.221, 224709276838, QTAgent32.exe, Playback - [WARNING] Internal warning: Target element "[MSAA]ControlType='MenuItem' &amp;&amp; Name='File'" was not found, so all intermediate elements were ignored. An incorrect element that matches target element Id can be found as the result.  Verify that all intermediate elements in QueryId have valid and unique Ids
\0
W, 6988, 32, 2012/10/19, 01:14:01.731, 224712951742, QTAgent32.exe, Playback - [WARNING] Internal warning:Search failure: [MSAA]ControlType='MenuItem' &amp;&amp; Name='File' | Performed (2) search retries, UI element not found
\0
E, 6988, 32, 2012/10/19, 01:14:01.731, 224712952160, QTAgent32.exe, &lt;a class=failure&gt;Playback - {42} [FAILED] Function ElementFetcher::FindScreenElement failed to locate UI element (Searching: ;[MSAA]ControlType='MenuItem' &amp;&amp; Name='File') (The object specified was not found.)
\0&lt;/a&gt;
E, 6988, 32, 2012/10/19, 01:14:01.828, 224713187689, QTAgent32.exe, Playback - [IMAGE] C:\Users\Weston\AppData\Local\Temp\UITestLogs\LastRun\RPFF969.png
\0
W, 6988, 32, 2012/10/19, 01:14:01.828, 224713188125, QTAgent32.exe, Playback - [WARNING] Internal warning: Couldn't find descendants that match QueryId
\0
W, 6988, 32, 2012/10/19, 01:14:01.828, 224713188660, QTAgent32.exe, PERF WARNING: FindAllDescendents: took 2115 ms. Expected it to take maximum 500 ms.
W, 6988, 32, 2012/10/19, 01:14:03.352, 224716895873, QTAgent32.exe, Playback - [WARNING] Internal warning: Target element "[MSAA]ControlType='MenuItem' &amp;&amp; Name='File'" was not found, so all intermediate elements were ignored. An incorrect element that matches target element Id can be found as the result.  Verify that all intermediate elements in QueryId have valid and unique Ids
\0
W, 6988, 32, 2012/10/19, 01:14:03.898, 224718226386, QTAgent32.exe, Playback - [WARNING] Internal warning: 2 UI elements have the same ElementIds.  Use "Instance = 'n'" to avoid this warning for: [MSAA, VisibleOnly]ControlType='MenuBar'
\0
W, 6988, 32, 2012/10/19, 01:14:03.934, 224718312006, QTAgent32.exe, PERF WARNING: FindAllDescendents: took 2099 ms. Expected it to take maximum 500 ms.
W, 6988, 32, 2012/10/19, 01:14:04.069, 224718642493, QTAgent32.exe, &lt;a class=success&gt;Playback - {43} [SUCCESS] LeftButtonClick  &lt; Mouse cursor location (210, 243) &gt;
\0&lt;/a&gt;
W, 6988, 32, 2012/10/19, 01:14:04.184, 224718921061, QTAgent32.exe, &lt;a class=success&gt;Playback - {44} [SUCCESS] LeftButtonClick - "[MSAA]ControlType='MenuItem' &amp;&amp; Name='File'"  &lt; Mouse cursor location (232, 243) &gt;
\0&lt;/a&gt;
W, 6988, 32, 2012/10/19, 01:14:04.374, 224719383353, QTAgent32.exe, &lt;a class=success&gt;Playback - {45} [SUCCESS] MouseButtonClick - "[MSAA]ControlType='MenuItem' &amp;&amp; Name='Save'"
\0&lt;/a&gt;
W, 6988, 32, 2012/10/19, 01:14:04.601, 224719937231, QTAgent32.exe, &lt;a class=success&gt;Playback - {46} [SUCCESS] MouseButtonClick - "[MSAA, VisibleOnly]ControlType='Client'"
\0&lt;/a&gt;
W, 6988, 32, 2012/10/19, 01:14:04.825, 224720480980, QTAgent32.exe, &lt;a class=success&gt;Playback - {47} [SUCCESS] MouseButtonClick - "[MSAA, VisibleOnly]ControlType='Client'"
\0&lt;/a&gt;
W, 6988, 32, 2012/10/19, 01:14:05.219, 224721440253, QTAgent32.exe, &lt;a class=success&gt;Playback - {48} [SUCCESS] SendKeys "^{HOME}" - "[MSAA, VisibleOnly]ControlType='Edit'"
\0&lt;/a&gt;
E, 6988, 32, 2012/10/19, 01:14:05.221, 224721445345, QTAgent32.exe, Msaa.GetFocusedElement: could not find accessible object of foreground window
W, 6988, 32, 2012/10/19, 01:14:05.291, 224721615879, QTAgent32.exe, &lt;a class=success&gt;Playback - {49} [SUCCESS] SendKeys "^+{END}" - "[MSAA, VisibleOnly]ControlType='Edit'"
\0&lt;/a&gt;
E, 6988, 32, 2012/10/19, 01:14:05.291, 224721616331, QTAgent32.exe, Msaa.GetFocusedElement: could not find accessible object of foreground window
W, 6988, 32, 2012/10/19, 01:14:05.315, 224721674487, QTAgent32.exe, &lt;a class=success&gt;Playback - {50} [SUCCESS] SendKeys "{DELETE}" - "[MSAA, VisibleOnly]ControlType='Edit'"
\0&lt;/a&gt;
W, 6988, 32, 2012/10/19, 01:14:05.582, 224722324124, QTAgent32.exe, &lt;a class=success&gt;Playback - {51} [SUCCESS] SetValueAsEditBox "1" - "[MSAA, VisibleOnly]ControlType='Edit'"  &lt; Set via SendKeys &gt;
\0&lt;/a&gt;
W, 6988, 32, 2012/10/19, 01:14:05.942, 224723199772, QTAgent32.exe, &lt;a class=success&gt;Playback - {52} [SUCCESS] SendKeys "{Enter}" - "[MSAA, VisibleOnly]ControlType='Edit'"
\0&lt;/a&gt;
W, 6988, 32, 2012/10/19, 01:14:06.048, 224723458718, QTAgent32.exe, FindScreenElementInSinglePass : Attempting to find control in one pass of search. Failures can occur.
W, 6988, 32, 2012/10/19, 01:14:07.065, 224725931637, QTAgent32.exe, Playback - [WARNING] Internal warning:Search failure: [MSAA, VisibleOnly]ControlType='MenuBar' | [MSAA]ControlType='MenuItem' &amp;&amp; Name='File' | Performed (2) search retries, UI element not found
\0
E, 6988, 32, 2012/10/19, 01:14:07.065, 224725932162, QTAgent32.exe, &lt;a class=failure&gt;Playback - {53} [FAILED] Function ElementFetcher::FindScreenElement failed to locate UI element (Searching: ;[MSAA, VisibleOnly]ControlType='MenuBar';[MSAA]ControlType='MenuItem' &amp;&amp; Name='File';[MSAA]ControlType='MenuItem' &amp;&amp; Name='Close') (The object specified was not found.)
\0&lt;/a&gt;
E, 6988, 32, 2012/10/19, 01:14:07.171, 224726189391, QTAgent32.exe, Playback - [IMAGE] C:\Users\Weston\AppData\Local\Temp\UITestLogs\LastRun\RPFE42.png
\0
W, 6988, 32, 2012/10/19, 01:14:07.171, 224726189819, QTAgent32.exe, Playback - [WARNING] Internal warning: Couldn't find descendants that match QueryId
\0
W, 6988, 32, 2012/10/19, 01:14:07.171, 224726190325, QTAgent32.exe, PERF WARNING: FindAllDescendents: took 1117 ms. Expected it to take maximum 500 ms.
W, 6988, 32, 2012/10/19, 01:14:07.171, 224726190655, QTAgent32.exe, FindScreenElementInSinglePass : Attempting to find control in one pass of search. Failures can occur.
W, 6988, 32, 2012/10/19, 01:14:07.180, 224726212345, QTAgent32.exe, FindScreenElementInSinglePass : Attempting to find control in one pass of search. Failures can occur.
W, 6988, 32, 2012/10/19, 01:14:07.694, 224727462549, QTAgent32.exe, Playback - [WARNING] Internal warning: Target element "[MSAA]ControlType='MenuItem' &amp;&amp; Name='File'" was not found, so all intermediate elements were ignored. An incorrect element that matches target element Id can be found as the result.  Verify that all intermediate elements in QueryId have valid and unique Ids
\0
W, 6988, 32, 2012/10/19, 01:14:09.204, 224731138322, QTAgent32.exe, Playback - [WARNING] Internal warning:Search failure: [MSAA]ControlType='MenuItem' &amp;&amp; Name='File' | Performed (2) search retries, UI element not found
\0
E, 6988, 32, 2012/10/19, 01:14:09.204, 224731138728, QTAgent32.exe, &lt;a class=failure&gt;Playback - {54} [FAILED] Function ElementFetcher::FindScreenElement failed to locate UI element (Searching: ;[MSAA]ControlType='MenuItem' &amp;&amp; Name='File') (The object specified was not found.)
\0&lt;/a&gt;
E, 6988, 32, 2012/10/19, 01:14:09.301, 224731375449, QTAgent32.exe, Playback - [IMAGE] C:\Users\Weston\AppData\Local\Temp\UITestLogs\LastRun\RPF169C.png
\0
W, 6988, 32, 2012/10/19, 01:14:09.302, 224731375951, QTAgent32.exe, Playback - [WARNING] Internal warning: Couldn't find descendants that match QueryId
\0
W, 6988, 32, 2012/10/19, 01:14:09.302, 224731376469, QTAgent32.exe, PERF WARNING: FindAllDescendents: took 2117 ms. Expected it to take maximum 500 ms.
W, 6988, 32, 2012/10/19, 01:14:10.825, 224735082611, QTAgent32.exe, Playback - [WARNING] Internal warning: Target element "[MSAA]ControlType='MenuItem' &amp;&amp; Name='File'" was not found, so all intermediate elements were ignored. An incorrect element that matches target element Id can be found as the result.  Verify that all intermediate elements in QueryId have valid and unique Ids
\0
W, 6988, 32, 2012/10/19, 01:14:11.368, 224736402215, QTAgent32.exe, Playback - [WARNING] Internal warning: 2 UI elements have the same ElementIds.  Use "Instance = 'n'" to avoid this warning for: [MSAA, VisibleOnly]ControlType='MenuBar'
\0
W, 6988, 32, 2012/10/19, 01:14:11.403, 224736488107, QTAgent32.exe, PERF WARNING: FindAllDescendents: took 2095 ms. Expected it to take maximum 500 ms.
W, 6988, 32, 2012/10/19, 01:14:11.538, 224736815704, QTAgent32.exe, &lt;a class=success&gt;Playback - {55} [SUCCESS] LeftButtonClick  &lt; Mouse cursor location (210, 243) &gt;
\0&lt;/a&gt;
W, 6988, 32, 2012/10/19, 01:14:11.654, 224737098556, QTAgent32.exe, &lt;a class=success&gt;Playback - {56} [SUCCESS] LeftButtonClick - "[MSAA]ControlType='MenuItem' &amp;&amp; Name='File'"  &lt; Mouse cursor location (232, 243) &gt;
\0&lt;/a&gt;
W, 6988, 32, 2012/10/19, 01:14:11.844, 224737560810, QTAgent32.exe, &lt;a class=success&gt;Playback - {57} [SUCCESS] MouseButtonClick - "[MSAA]ControlType='MenuItem' &amp;&amp; Name='Close'"
\0&lt;/a&gt;
W, 6988, 32, 2012/10/19, 01:14:12.084, 224738145689, QTAgent32.exe, &lt;a class=success&gt;Playback - {58} [SUCCESS] MouseButtonClick - "[MSAA, VisibleOnly]ControlType='Button' &amp;&amp; Name='No'"
\0&lt;/a&gt;
W, 6988, 32, 2012/10/19, 01:14:12.185, 224738390440, QTAgent32.exe, FindScreenElementInSinglePass : Attempting to find control in one pass of search. Failures can occur.
W, 6988, 32, 2012/10/19, 01:14:13.203, 224740867256, QTAgent32.exe, Playback - [WARNING] Internal warning:Search failure: [MSAA, VisibleOnly]ControlType='MenuBar' | [MSAA]ControlType='MenuItem' &amp;&amp; Name='File' | Performed (2) search retries, UI element not found
\0
E, 6988, 32, 2012/10/19, 01:14:13.203, 224740867683, QTAgent32.exe, &lt;a class=failure&gt;Playback - {59} [FAILED] Function ElementFetcher::FindScreenElement failed to locate UI element (Searching: ;[MSAA, VisibleOnly]ControlType='MenuBar';[MSAA]ControlType='MenuItem' &amp;&amp; Name='File';[MSAA]ControlType='MenuItem' &amp;&amp; Name='Close') (The object specified was not found.)
\0&lt;/a&gt;
E, 6988, 32, 2012/10/19, 01:14:13.299, 224741101163, QTAgent32.exe, Playback - [IMAGE] C:\Users\Weston\AppData\Local\Temp\UITestLogs\LastRun\RPF2637.png
\0
W, 6988, 32, 2012/10/19, 01:14:13.299, 224741101611, QTAgent32.exe, Playback - [WARNING] Internal warning: Couldn't find descendants that match QueryId
\0
W, 6988, 32, 2012/10/19, 01:14:13.299, 224741102143, QTAgent32.exe, PERF WARNING: FindAllDescendents: took 1109 ms. Expected it to take maximum 500 ms.
W, 6988, 32, 2012/10/19, 01:14:13.299, 224741102489, QTAgent32.exe, FindScreenElementInSinglePass : Attempting to find control in one pass of search. Failures can occur.
W, 6988, 32, 2012/10/19, 01:14:13.309, 224741124751, QTAgent32.exe, FindScreenElementInSinglePass : Attempting to find control in one pass of search. Failures can occur.
W, 6988, 32, 2012/10/19, 01:14:13.821, 224742371970, QTAgent32.exe, Playback - [WARNING] Internal warning: Target element "[MSAA]ControlType='MenuItem' &amp;&amp; Name='File'" was not found, so all intermediate elements were ignored. An incorrect element that matches target element Id can be found as the result.  Verify that all intermediate elements in QueryId have valid and unique Ids
\0
W, 6988, 32, 2012/10/19, 01:14:15.331, 224746046380, QTAgent32.exe, Playback - [WARNING] Internal warning:Search failure: [MSAA]ControlType='MenuItem' &amp;&amp; Name='File' | Performed (2) search retries, UI element not found
\0
E, 6988, 32, 2012/10/19, 01:14:15.331, 224746046784, QTAgent32.exe, &lt;a class=failure&gt;Playback - {60} [FAILED] Function ElementFetcher::FindScreenElement failed to locate UI element (Searching: ;[MSAA]ControlType='MenuItem' &amp;&amp; Name='File') (The object specified was not found.)
\0&lt;/a&gt;
E, 6988, 32, 2012/10/19, 01:14:15.430, 224746286430, QTAgent32.exe, Playback - [IMAGE] C:\Users\Weston\AppData\Local\Temp\UITestLogs\LastRun\RPF2E91.png
\0
W, 6988, 32, 2012/10/19, 01:14:15.430, 224746286846, QTAgent32.exe, Playback - [WARNING] Internal warning: Couldn't find descendants that match QueryId
\0
W, 6988, 32, 2012/10/19, 01:14:15.430, 224746287342, QTAgent32.exe, PERF WARNING: FindAllDescendents: took 2116 ms. Expected it to take maximum 500 ms.
W, 6988, 32, 2012/10/19, 01:14:16.953, 224749993434, QTAgent32.exe, Playback - [WARNING] Internal warning: Target element "[MSAA]ControlType='MenuItem' &amp;&amp; Name='File'" was not found, so all intermediate elements were ignored. An incorrect element that matches target element Id can be found as the result.  Verify that all intermediate elements in QueryId have valid and unique Ids
\0
W, 6988, 32, 2012/10/19, 01:14:17.495, 224751313216, QTAgent32.exe, Playback - [WARNING] Internal warning: 2 UI elements have the same ElementIds.  Use "Instance = 'n'" to avoid this warning for: [MSAA, VisibleOnly]ControlType='MenuBar'
\0
W, 6988, 32, 2012/10/19, 01:14:17.530, 224751398800, QTAgent32.exe, PERF WARNING: FindAllDescendents: took 2095 ms. Expected it to take maximum 500 ms.
W, 6988, 32, 2012/10/19, 01:14:17.666, 224751728987, QTAgent32.exe, &lt;a class=success&gt;Playback - {61} [SUCCESS] LeftButtonClick  &lt; Mouse cursor location (210, 243) &gt;
\0&lt;/a&gt;
W, 6988, 32, 2012/10/19, 01:14:17.780, 224752006529, QTAgent32.exe, &lt;a class=success&gt;Playback - {62} [SUCCESS] LeftButtonClick - "[MSAA]ControlType='MenuItem' &amp;&amp; Name='File'"  &lt; Mouse cursor location (232, 243) &gt;
\0&lt;/a&gt;
W, 6988, 32, 2012/10/19, 01:14:17.965, 224752456288, QTAgent32.exe, &lt;a class=success&gt;Playback - {63} [SUCCESS] MouseButtonClick - "[MSAA]ControlType='MenuItem' &amp;&amp; Name='Close'"
\0&lt;/a&gt;
W, 6988, 32, 2012/10/19, 01:14:18.198, 224753022721, QTAgent32.exe, &lt;a class=success&gt;Playback - {64} [SUCCESS] MouseButtonClick - "[MSAA, VisibleOnly]ControlType='Button' &amp;&amp; Name='Yes'"
\0&lt;/a&gt;
W, 6988, 32, 2012/10/19, 01:14:18.304, 224753282385, QTAgent32.exe, FindScreenElementInSinglePass : Attempting to find control in one pass of search. Failures can occur.
W, 6988, 32, 2012/10/19, 01:14:19.322, 224755758479, QTAgent32.exe, Playback - [WARNING] Internal warning:Search failure: [MSAA, VisibleOnly]ControlType='MenuBar' | [MSAA]ControlType='MenuItem' &amp;&amp; Name='File' | Performed (2) search retries, UI element not found
\0
E, 6988, 32, 2012/10/19, 01:14:19.322, 224755759029, QTAgent32.exe, &lt;a class=failure&gt;Playback - {65} [FAILED] Function ElementFetcher::FindScreenElement failed to locate UI element (Searching: ;[MSAA, VisibleOnly]ControlType='MenuBar';[MSAA]ControlType='MenuItem' &amp;&amp; Name='File';[MSAA]ControlType='MenuItem' &amp;&amp; Name='Open') (The object specified was not found.)
\0&lt;/a&gt;
E, 6988, 32, 2012/10/19, 01:14:19.424, 224756007093, QTAgent32.exe, Playback - [IMAGE] C:\Users\Weston\AppData\Local\Temp\UITestLogs\LastRun\RPF3E1C.png
\0
W, 6988, 32, 2012/10/19, 01:14:19.424, 224756007558, QTAgent32.exe, Playback - [WARNING] Internal warning: Couldn't find descendants that match QueryId
\0
W, 6988, 32, 2012/10/19, 01:14:19.424, 224756008073, QTAgent32.exe, PERF WARNING: FindAllDescendents: took 1114 ms. Expected it to take maximum 500 ms.
W, 6988, 32, 2012/10/19, 01:14:19.424, 224756008398, QTAgent32.exe, FindScreenElementInSinglePass : Attempting to find control in one pass of search. Failures can occur.
W, 6988, 32, 2012/10/19, 01:14:19.433, 224756030361, QTAgent32.exe, FindScreenElementInSinglePass : Attempting to find control in one pass of search. Failures can occur.
W, 6988, 32, 2012/10/19, 01:14:19.952, 224757292285, QTAgent32.exe, Playback - [WARNING] Internal warning: Target element "[MSAA]ControlType='MenuItem' &amp;&amp; Name='File'" was not found, so all intermediate elements were ignored. An incorrect element that matches target element Id can be found as the result.  Verify that all intermediate elements in QueryId have valid and unique Ids
\0
W, 6988, 32, 2012/10/19, 01:14:21.462, 224760967706, QTAgent32.exe, Playback - [WARNING] Internal warning:Search failure: [MSAA]ControlType='MenuItem' &amp;&amp; Name='File' | Performed (2) search retries, UI element not found
\0
E, 6988, 32, 2012/10/19, 01:14:21.462, 224760968120, QTAgent32.exe, &lt;a class=failure&gt;Playback - {66} [FAILED] Function ElementFetcher::FindScreenElement failed to locate UI element (Searching: ;[MSAA]ControlType='MenuItem' &amp;&amp; Name='File') (The object specified was not found.)
\0&lt;/a&gt;
E, 6988, 32, 2012/10/19, 01:14:21.555, 224761193001, QTAgent32.exe, Playback - [IMAGE] C:\Users\Weston\AppData\Local\Temp\UITestLogs\LastRun\RPF4686.png
\0
W, 6988, 32, 2012/10/19, 01:14:21.555, 224761193383, QTAgent32.exe, Playback - [WARNING] Internal warning: Couldn't find descendants that match QueryId
\0
W, 6988, 32, 2012/10/19, 01:14:21.555, 224761193863, QTAgent32.exe, PERF WARNING: FindAllDescendents: took 2117 ms. Expected it to take maximum 500 ms.
W, 6988, 32, 2012/10/19, 01:14:23.078, 224764899330, QTAgent32.exe, Playback - [WARNING] Internal warning: Target element "[MSAA]ControlType='MenuItem' &amp;&amp; Name='File'" was not found, so all intermediate elements were ignored. An incorrect element that matches target element Id can be found as the result.  Verify that all intermediate elements in QueryId have valid and unique Ids
\0
W, 6988, 32, 2012/10/19, 01:14:23.619, 224766216975, QTAgent32.exe, Playback - [WARNING] Internal warning: 2 UI elements have the same ElementIds.  Use "Instance = 'n'" to avoid this warning for: [MSAA, VisibleOnly]ControlType='MenuBar'
\0
W, 6988, 32, 2012/10/19, 01:14:23.653, 224766300064, QTAgent32.exe, PERF WARNING: FindAllDescendents: took 2093 ms. Expected it to take maximum 500 ms.
W, 6988, 32, 2012/10/19, 01:14:23.788, 224766627783, QTAgent32.exe, &lt;a class=success&gt;Playback - {67} [SUCCESS] LeftButtonClick  &lt; Mouse cursor location (160, 193) &gt;
\0&lt;/a&gt;
W, 6988, 32, 2012/10/19, 01:14:23.901, 224766903139, QTAgent32.exe, &lt;a class=success&gt;Playback - {68} [SUCCESS] LeftButtonClick - "[MSAA]ControlType='MenuItem' &amp;&amp; Name='File'"  &lt; Mouse cursor location (182, 193) &gt;
\0&lt;/a&gt;
W, 6988, 32, 2012/10/19, 01:14:24.083, 224767345579, QTAgent32.exe, &lt;a class=success&gt;Playback - {69} [SUCCESS] MouseButtonClick - "[MSAA]ControlType='MenuItem' &amp;&amp; Name='Open'"
\0&lt;/a&gt;
W, 6988, 32, 2012/10/19, 01:14:26.398, 224772980700, QTAgent32.exe, Playback - [WARNING] Internal warning: Element "[MSAA]ControlType='ListItem' &amp;&amp; Name='Test.ss'" was not found, so all intermediate elements were ignored. To improve performance replace this element Id with another Id or exclude it from QueryId. If this element is the target element, replace or remove intermediate elements
\0
W, 6988, 32, 2012/10/19, 01:14:27.534, 224775745031, QTAgent32.exe, PERF WARNING: FindAllDescendents: took 3258 ms. Expected it to take maximum 500 ms.
W, 6988, 32, 2012/10/19, 01:14:27.667, 224776068080, QTAgent32.exe, &lt;a class=success&gt;Playback - {70} [SUCCESS] MouseButtonClick - "[MSAA, VisibleOnly]ControlType='Edit' &amp;&amp; Name='Name'"
\0&lt;/a&gt;
W, 6988, 32, 2012/10/19, 01:14:27.893, 224776618118, QTAgent32.exe, &lt;a class=success&gt;Playback - {71} [SUCCESS] MouseButtonClick - "[MSAA, VisibleOnly]ControlType='SplitButton' &amp;&amp; Name='Open'"
\0&lt;/a&gt;
W, 6988, 32, 2012/10/19, 01:14:27.993, 224776860887, QTAgent32.exe, FindNTopWindows : Search will be continued for 12000 even on failure
W, 6988, 32, 2012/10/19, 01:14:28.011, 224776905374, QTAgent32.exe, FindScreenElementInSinglePass : Attempting to find control in one pass of search. Failures can occur.
W, 6988, 32, 2012/10/19, 01:14:29.030, 224779381796, QTAgent32.exe, Playback - [WARNING] Internal warning:Search failure: [MSAA, VisibleOnly]ControlType='MenuBar' | [MSAA]ControlType='MenuItem' &amp;&amp; Name='File' | Performed (2) search retries, UI element not found
\0
E, 6988, 32, 2012/10/19, 01:14:29.030, 224779382311, QTAgent32.exe, &lt;a class=failure&gt;Playback - {72} [FAILED] Function ElementFetcher::FindScreenElement failed to locate UI element (Searching: ;[MSAA, VisibleOnly]ControlType='MenuBar';[MSAA]ControlType='MenuItem' &amp;&amp; Name='File';[MSAA]ControlType='MenuItem' &amp;&amp; Name='Save As...') (The object specified was not found.)
\0&lt;/a&gt;
E, 6988, 32, 2012/10/19, 01:14:29.147, 224779668563, QTAgent32.exe, Playback - [IMAGE] C:\Users\Weston\AppData\Local\Temp\UITestLogs\LastRun\RPF6415.png
\0
W, 6988, 32, 2012/10/19, 01:14:29.148, 224779669017, QTAgent32.exe, Playback - [WARNING] Internal warning: Couldn't find descendants that match QueryId
\0
W, 6988, 32, 2012/10/19, 01:14:29.148, 224779669518, QTAgent32.exe, PERF WARNING: FindAllDescendents: took 1129 ms. Expected it to take maximum 500 ms.
W, 6988, 32, 2012/10/19, 01:14:29.148, 224779669846, QTAgent32.exe, FindScreenElementInSinglePass : Attempting to find control in one pass of search. Failures can occur.
W, 6988, 32, 2012/10/19, 01:14:29.159, 224779695675, QTAgent32.exe, FindScreenElementInSinglePass : Attempting to find control in one pass of search. Failures can occur.
W, 6988, 32, 2012/10/19, 01:14:29.674, 224780949527, QTAgent32.exe, Playback - [WARNING] Internal warning: Target element "[MSAA]ControlType='MenuItem' &amp;&amp; Name='File'" was not found, so all intermediate elements were ignored. An incorrect element that matches target element Id can be found as the result.  Verify that all intermediate elements in QueryId have valid and unique Ids
\0
W, 6988, 32, 2012/10/19, 01:14:31.184, 224784624915, QTAgent32.exe, Playback - [WARNING] Internal warning:Search failure: [MSAA]ControlType='MenuItem' &amp;&amp; Name='File' | Performed (2) search retries, UI element not found
\0
E, 6988, 32, 2012/10/19, 01:14:31.184, 224784625324, QTAgent32.exe, &lt;a class=failure&gt;Playback - {73} [FAILED] Function ElementFetcher::FindScreenElement failed to locate UI element (Searching: ;[MSAA]ControlType='MenuItem' &amp;&amp; Name='File') (The object specified was not found.)
\0&lt;/a&gt;
E, 6988, 32, 2012/10/19, 01:14:31.280, 224784858793, QTAgent32.exe, Playback - [IMAGE] C:\Users\Weston\AppData\Local\Temp\UITestLogs\LastRun\RPF6C7E.png
\0
W, 6988, 32, 2012/10/19, 01:14:31.280, 224784859197, QTAgent32.exe, Playback - [WARNING] Internal warning: Couldn't find descendants that match QueryId
\0
W, 6988, 32, 2012/10/19, 01:14:31.281, 224784859749, QTAgent32.exe, PERF WARNING: FindAllDescendents: took 2116 ms. Expected it to take maximum 500 ms.
W, 6988, 32, 2012/10/19, 01:14:32.803, 224788564344, QTAgent32.exe, Playback - [WARNING] Internal warning: Target element "[MSAA]ControlType='MenuItem' &amp;&amp; Name='File'" was not found, so all intermediate elements were ignored. An incorrect element that matches target element Id can be found as the result.  Verify that all intermediate elements in QueryId have valid and unique Ids
\0
W, 6988, 32, 2012/10/19, 01:14:33.348, 224789892258, QTAgent32.exe, Playback - [WARNING] Internal warning: 2 UI elements have the same ElementIds.  Use "Instance = 'n'" to avoid this warning for: [MSAA, VisibleOnly]ControlType='MenuBar'
\0
W, 6988, 32, 2012/10/19, 01:14:33.383, 224789977319, QTAgent32.exe, PERF WARNING: FindAllDescendents: took 2097 ms. Expected it to take maximum 500 ms.
W, 6988, 32, 2012/10/19, 01:14:34.440, 224792549002, QTAgent32.exe, &lt;a class=success&gt;Playback - {74} [SUCCESS] LeftButtonClick  &lt; Mouse cursor location (60, 93) &gt;
\0&lt;/a&gt;
W, 6988, 32, 2012/10/19, 01:14:34.553, 224792823460, QTAgent32.exe, &lt;a class=success&gt;Playback - {75} [SUCCESS] LeftButtonClick - "[MSAA]ControlType='MenuItem' &amp;&amp; Name='File'"  &lt; Mouse cursor location (82, 93) &gt;
\0&lt;/a&gt;
W, 6988, 32, 2012/10/19, 01:14:34.740, 224793278054, QTAgent32.exe, &lt;a class=success&gt;Playback - {76} [SUCCESS] MouseButtonClick - "[MSAA]ControlType='MenuItem' &amp;&amp; Name='Save As...'"
\0&lt;/a&gt;
W, 6988, 32, 2012/10/19, 01:14:35.097, 224794147177, QTAgent32.exe, &lt;a class=success&gt;Playback - {77} [SUCCESS] MouseButtonClick - "[MSAA, VisibleOnly]ControlType='Button' &amp;&amp; Name='Cancel'"
\0&lt;/a&gt;
W, 6988, 32, 2012/10/19, 01:14:35.197, 224794390884, QTAgent32.exe, FindScreenElementInSinglePass : Attempting to find control in one pass of search. Failures can occur.
W, 6988, 32, 2012/10/19, 01:14:36.216, 224796869968, QTAgent32.exe, Playback - [WARNING] Internal warning:Search failure: [MSAA, VisibleOnly]ControlType='MenuBar' | [MSAA]ControlType='MenuItem' &amp;&amp; Name='File' | Performed (2) search retries, UI element not found
\0
E, 6988, 32, 2012/10/19, 01:14:36.216, 224796870512, QTAgent32.exe, &lt;a class=failure&gt;Playback - {78} [FAILED] Function ElementFetcher::FindScreenElement failed to locate UI element (Searching: ;[MSAA, VisibleOnly]ControlType='MenuBar';[MSAA]ControlType='MenuItem' &amp;&amp; Name='File';[MSAA]ControlType='MenuItem' &amp;&amp; Name='Close') (The object specified was not found.)
\0&lt;/a&gt;
E, 6988, 32, 2012/10/19, 01:14:36.326, 224797137689, QTAgent32.exe, Playback - [IMAGE] C:\Users\Weston\AppData\Local\Temp\UITestLogs\LastRun\RPF801F.png
\0
W, 6988, 32, 2012/10/19, 01:14:36.326, 224797138155, QTAgent32.exe, Playback - [WARNING] Internal warning: Couldn't find descendants that match QueryId
\0
W, 6988, 32, 2012/10/19, 01:14:36.326, 224797138682, QTAgent32.exe, PERF WARNING: FindAllDescendents: took 1123 ms. Expected it to take maximum 500 ms.
W, 6988, 32, 2012/10/19, 01:14:36.326, 224797139031, QTAgent32.exe, FindScreenElementInSinglePass : Attempting to find control in one pass of search. Failures can occur.
W, 6988, 32, 2012/10/19, 01:14:36.336, 224797162174, QTAgent32.exe, FindScreenElementInSinglePass : Attempting to find control in one pass of search. Failures can occur.
W, 6988, 32, 2012/10/19, 01:14:36.845, 224798401989, QTAgent32.exe, Playback - [WARNING] Internal warning: Target element "[MSAA]ControlType='MenuItem' &amp;&amp; Name='File'" was not found, so all intermediate elements were ignored. An incorrect element that matches target element Id can be found as the result.  Verify that all intermediate elements in QueryId have valid and unique Ids
\0
W, 6988, 32, 2012/10/19, 01:14:37.345, 224799618213, QTAgent32.exe, Playback - [WARNING] Internal warning: Thread state based WFR - Requested element has invalid HWND
\0
W, 6988, 32, 2012/10/19, 01:14:37.345, 224799618484, QTAgent32.exe, Playback - [WARNING] Internal warning: process performance counters based WFR - Requested element has invalid HWND
\0
W, 6988, 32, 2012/10/19, 01:14:38.346, 224802054222, QTAgent32.exe, Playback - [WARNING] Internal warning: Thread state based WFR - Requested element has invalid HWND
\0
W, 6988, 32, 2012/10/19, 01:14:38.346, 224802054501, QTAgent32.exe, Playback - [WARNING] Internal warning: process performance counters based WFR - Requested element has invalid HWND
\0
W, 6988, 32, 2012/10/19, 01:14:38.346, 224802054644, QTAgent32.exe, Playback - [WARNING] Internal warning:Search failure: [MSAA]ControlType='MenuItem' &amp;&amp; Name='File' | Performed (2) search retries, UI element not found
\0
E, 6988, 32, 2012/10/19, 01:14:38.346, 224802054872, QTAgent32.exe, &lt;a class=failure&gt;Playback - {79} [FAILED] Function ElementFetcher::FindScreenElement failed to locate UI element (Searching: ;[MSAA]ControlType='MenuItem' &amp;&amp; Name='File') (The object specified was not found.)
\0&lt;/a&gt;
E, 6988, 32, 2012/10/19, 01:14:38.435, 224802270247, QTAgent32.exe, Playback - [IMAGE] C:\Users\Weston\AppData\Local\Temp\UITestLogs\LastRun\RPF8879.png
\0
W, 6988, 32, 2012/10/19, 01:14:38.435, 224802270686, QTAgent32.exe, Playback - [WARNING] Internal warning: Couldn't find descendants that match QueryId
\0
W, 6988, 32, 2012/10/19, 01:14:38.435, 224802271202, QTAgent32.exe, PERF WARNING: FindAllDescendents: took 2094 ms. Expected it to take maximum 500 ms.
W, 6988, 32, 2012/10/19, 01:14:38.436, 224802272318, QTAgent32.exe, Msaa:WindowHandleGetter: Using WindowFromPoint since WindowFromAccessibleObject returned invalid handle [8323942]
E, 6988, 32, 2012/10/19, 01:14:38.437, 224802275865, QTAgent32.exe, Msaa.IsElementFromPoint: FastAccessibleObjectFromPoint : Failed
E, 6988, 32, 2012/10/19, 01:14:38.438, 224802279352, QTAgent32.exe, Msaa.GetAccWrapperFromPoint: Failed: -2147024809
E, 6988, 32, 2012/10/19, 01:14:38.441, 224802285623, QTAgent32.exe, Msaa:WindowHandleGetter: Got invalid window handle [0] even after using WindowFromPoint
W, 6988, 32, 2012/10/19, 01:14:38.441, 224802285762, QTAgent32.exe, Msaa.GetProcessID: Window handle is IntPtr.Zero. Process ID will be 0
W, 6988, 32, 2012/10/19, 01:14:38.444, 224802293827, QTAgent32.exe, Msaa:WindowHandleGetter: Using WindowFromPoint since WindowFromAccessibleObject returned invalid handle [8323942]
E, 6988, 32, 2012/10/19, 01:14:38.445, 224802295574, QTAgent32.exe, Msaa.IsElementFromPoint: FastAccessibleObjectFromPoint : Failed
E, 6988, 32, 2012/10/19, 01:14:38.445, 224802295736, QTAgent32.exe, Msaa.GetAccWrapperFromPoint: Failed: -2147024809
E, 6988, 32, 2012/10/19, 01:14:38.446, 224802296865, QTAgent32.exe, Msaa:WindowHandleGetter: Got invalid window handle [0] even after using WindowFromPoint
W, 6988, 32, 2012/10/19, 01:14:38.446, 224802296968, QTAgent32.exe, Msaa.GetProcessID: Window handle is IntPtr.Zero. Process ID will be 0
W, 6988, 32, 2012/10/19, 01:14:38.447, 224802299066, QTAgent32.exe, Playback - [WARNING] Internal warning: Thread state based WFR - Requested element has invalid HWND
\0
W, 6988, 32, 2012/10/19, 01:14:38.447, 224802299211, QTAgent32.exe, Playback - [WARNING] Internal warning: process performance counters based WFR - Requested element has invalid HWND
\0
W, 6988, 32, 2012/10/19, 01:14:39.974, 224806016650, QTAgent32.exe, Playback - [WARNING] Internal warning: Element "[MSAA, VisibleOnly]ControlType='MenuBar'" was not found, so all intermediate elements were ignored. To improve performance replace this element Id with another Id or exclude it from QueryId. If this element is the target element, replace or remove intermediate elements
\0
W, 6988, 32, 2012/10/19, 01:14:40.474, 224807233324, QTAgent32.exe, Playback - [WARNING] Internal warning: Thread state based WFR - Requested element has invalid HWND
\0
W, 6988, 32, 2012/10/19, 01:14:40.474, 224807233568, QTAgent32.exe, Playback - [WARNING] Internal warning: process performance counters based WFR - Requested element has invalid HWND
\0
W, 6988, 32, 2012/10/19, 01:14:40.481, 224807251136, QTAgent32.exe, Playback - [WARNING] Internal warning: Thread state based WFR - Requested element has invalid HWND
\0
W, 6988, 32, 2012/10/19, 01:14:40.481, 224807251323, QTAgent32.exe, Playback - [WARNING] Internal warning: process performance counters based WFR - Requested element has invalid HWND
\0
</DebugTrace>
        <ErrorInfo>
          <Message>User aborted test run.</Message>
        </ErrorInfo>
      </Output>
    </UnitTestResult>
  </Results>
</TestRun>